Component: ARM Compiler 5.06 update 6 (build 750) Tool: armlink [4d35ed]

==============================================================================

Section Cross References

    startup.o(STACK) refers (Special) to heapauxi.o(.text) for __use_two_region_memory
    startup.o(HEAP) refers (Special) to heapauxi.o(.text) for __use_two_region_memory
    startup.o(RESET) refers (Special) to heapauxi.o(.text) for __use_two_region_memory
    startup.o(RESET) refers to startup.o(STACK) for StackMem
    startup.o(RESET) refers to spaceinvaders.o(i.SysTick_Handler) for SysTick_Handler
    startup.o(RESET) refers to timer0.o(i.Timer0A_Handler) for Timer0A_Handler
    startup.o(RESET) refers to timer1.o(i.Timer1A_Handler) for Timer1A_Handler
    startup.o(RESET) refers to __main.o(!!!main) for __main
    startup.o(.text) refers (Special) to heapauxi.o(.text) for __use_two_region_memory
    startup.o(.text) refers to startup.o(HEAP) for HeapMem
    startup.o(.text) refers to startup.o(STACK) for StackMem
    random.o(.text) refers to random.o(DATA) for M
    timer0.o(i.Timer0A_Handler) refers to timer0.o(.data) for PeriodicTask0
    timer0.o(i.Timer0_Init) refers to timer0.o(.data) for PeriodicTask0
    timer1.o(i.Timer1A_Handler) refers to timer1.o(.data) for PeriodicTask1
    timer1.o(i.Timer1_Init) refers to timer1.o(.data) for PeriodicTask1
    sound.o(i.Game_Over) refers to sound.o(i.Sound_Play) for Sound_Play
    sound.o(i.Game_Over) refers to sound.o(.constdata) for gameover
    sound.o(i.SoundTask) refers to dac.o(i.DAC_Out) for DAC_Out
    sound.o(i.SoundTask) refers to sound.o(.data) for length
    sound.o(i.Sound_Explosion) refers to sound.o(i.Sound_Play) for Sound_Play
    sound.o(i.Sound_Explosion) refers to sound.o(.constdata) for explosion
    sound.o(i.Sound_Fastinvader1) refers to sound.o(i.Sound_Play) for Sound_Play
    sound.o(i.Sound_Fastinvader1) refers to sound.o(.constdata) for fastinvader1
    sound.o(i.Sound_Fastinvader2) refers to sound.o(i.Sound_Play) for Sound_Play
    sound.o(i.Sound_Fastinvader2) refers to sound.o(.constdata) for fastinvader2
    sound.o(i.Sound_Fastinvader3) refers to sound.o(i.Sound_Play) for Sound_Play
    sound.o(i.Sound_Fastinvader3) refers to sound.o(.constdata) for fastinvader3
    sound.o(i.Sound_Fastinvader4) refers to sound.o(i.Sound_Play) for Sound_Play
    sound.o(i.Sound_Fastinvader4) refers to sound.o(.constdata) for fastinvader4
    sound.o(i.Sound_Highpitch) refers to sound.o(i.Sound_Play) for Sound_Play
    sound.o(i.Sound_Highpitch) refers to sound.o(.constdata) for highpitch
    sound.o(i.Sound_Init) refers to dac.o(i.DAC_Init) for DAC_Init
    sound.o(i.Sound_Init) refers to timer0.o(i.Timer0_Init) for Timer0_Init
    sound.o(i.Sound_Init) refers to sound.o(.data) for length
    sound.o(i.Sound_Init) refers to sound.o(i.SoundTask) for SoundTask
    sound.o(i.Sound_Killed) refers to sound.o(i.Sound_Play) for Sound_Play
    sound.o(i.Sound_Killed) refers to sound.o(.constdata) for invaderkilled
    sound.o(i.Sound_Menu) refers to sound.o(i.Sound_Play) for Sound_Play
    sound.o(i.Sound_Menu) refers to sound.o(.constdata) for menu
    sound.o(i.Sound_Pause) refers to sound.o(i.Sound_Play) for Sound_Play
    sound.o(i.Sound_Pause) refers to sound.o(.constdata) for pause
    sound.o(i.Sound_Play) refers to sound.o(.data) for length
    sound.o(i.Sound_Shoot) refers to sound.o(i.Sound_Play) for Sound_Play
    sound.o(i.Sound_Shoot) refers to sound.o(.constdata) for shoot
    sound.o(i.Vic_Tory) refers to sound.o(i.Sound_Play) for Sound_Play
    sound.o(i.Vic_Tory) refers to sound.o(.constdata) for victory
    print.o(.text) refers (Special) to st7735.o(i.ST7735_OutString) for ST7735_OutString
    print.o(.text) refers to st7735.o(i.ST7735_OutChar) for ST7735_OutChar
    spaceinvaders.o(i.GameDraw) refers to st7735.o(i.ST7735_DrawBitmap) for ST7735_DrawBitmap
    spaceinvaders.o(i.GameDraw) refers to spaceinvaders.o(.bss) for enemy
    spaceinvaders.o(i.GameInit) refers to spaceinvaders.o(.data) for anyAlive
    spaceinvaders.o(i.GameInit) refers to spaceinvaders.o(.bss) for enemy
    spaceinvaders.o(i.GameInit) refers to spaceinvaders.o(.constdata) for SmallEnemy20pointA
    spaceinvaders.o(i.GameMove) refers to spaceinvaders.o(.data) for anyAlive
    spaceinvaders.o(i.GameMove) refers to spaceinvaders.o(.bss) for enemy
    spaceinvaders.o(i.Moving_Init) refers to timer1.o(i.Timer1_Init) for Timer1_Init
    spaceinvaders.o(i.Moving_Init) refers to spaceinvaders.o(i.moveEnemy) for moveEnemy
    spaceinvaders.o(i.PlayerPosition) refers to st7735.o(i.ST7735_DrawBitmap) for ST7735_DrawBitmap
    spaceinvaders.o(i.PlayerPosition) refers to spaceinvaders.o(.data) for oldPosition
    spaceinvaders.o(i.PlayerPosition) refers to spaceinvaders.o(.constdata) for PlayerShip0
    spaceinvaders.o(i.SysTick_Handler) refers to adc.o(i.ADC_In) for ADC_In
[...]
    st7735.o(i.ST7735_DrawChar) refers to st7735.o(.data) for _width
    st7735.o(i.ST7735_DrawChar) refers to st7735.o(.constdata) for Font
    st7735.o(i.ST7735_DrawCharS) refers to st7735.o(i.ST7735_DrawPixel) for ST7735_DrawPixel
    st7735.o(i.ST7735_DrawCharS) refers to st7735.o(i.ST7735_FillRect) for ST7735_FillRect
    st7735.o(i.ST7735_DrawCharS) refers to st7735.o(.data) for _width
    st7735.o(i.ST7735_DrawCharS) refers to st7735.o(.constdata) for Font
    st7735.o(i.ST7735_DrawFastHLine) refers to st7735.o(i.setAddrWindow) for setAddrWindow
    st7735.o(i.ST7735_DrawFastHLine) refers to lcd.o(.text) for writedata
    st7735.o(i.ST7735_DrawFastHLine) refers to st7735.o(.data) for _width
    st7735.o(i.ST7735_DrawFastVLine) refers to st7735.o(i.setAddrWindow) for setAddrWindow
    st7735.o(i.ST7735_DrawFastVLine) refers to lcd.o(.text) for writedata
    st7735.o(i.ST7735_DrawFastVLine) refers to st7735.o(.data) for _width
    st7735.o(i.ST7735_DrawPixel) refers to st7735.o(i.setAddrWindow) for setAddrWindow
    st7735.o(i.ST7735_DrawPixel) refers to st7735.o(i.pushColor) for pushColor
    st7735.o(i.ST7735_DrawPixel) refers to st7735.o(.data) for _width
    st7735.o(i.ST7735_DrawString) refers to st7735.o(i.ST7735_DrawCharS) for ST7735_DrawCharS
    st7735.o(i.ST7735_FillRect) refers to st7735.o(i.setAddrWindow) for setAddrWindow
    st7735.o(i.ST7735_FillRect) refers to lcd.o(.text) for writedata
    st7735.o(i.ST7735_FillRect) refers to st7735.o(.data) for _width
    st7735.o(i.ST7735_FillScreen) refers to st7735.o(i.ST7735_FillRect) for ST7735_FillRect
    st7735.o(i.ST7735_FillScreen) refers to st7735.o(.data) for _height
    st7735.o(i.ST7735_InitB) refers to st7735.o(i.commonInit) for commonInit
    st7735.o(i.ST7735_InitB) refers to st7735.o(i.ST7735_SetCursor) for ST7735_SetCursor
    st7735.o(i.ST7735_InitB) refers to st7735.o(i.ST7735_FillScreen) for ST7735_FillScreen
    st7735.o(i.ST7735_InitB) refers to st7735.o(.constdata) for Bcmd
    st7735.o(i.ST7735_InitB) refers to st7735.o(.data) for StTextColor
    st7735.o(i.ST7735_InitR) refers to st7735.o(i.commonInit) for commonInit
    st7735.o(i.ST7735_InitR) refers to st7735.o(i.commandList) for commandList
    st7735.o(i.ST7735_InitR) refers to lcd.o(.text) for writecommand
    st7735.o(i.ST7735_InitR) refers to st7735.o(i.ST7735_SetCursor) for ST7735_SetCursor
    st7735.o(i.ST7735_InitR) refers to st7735.o(i.ST7735_FillScreen) for ST7735_FillScreen
    st7735.o(i.ST7735_InitR) refers to st7735.o(.constdata) for Rcmd1
    st7735.o(i.ST7735_InitR) refers to st7735.o(.data) for ColStart
    st7735.o(i.ST7735_InvertDisplay) refers to lcd.o(.text) for writecommand
    st7735.o(i.ST7735_OutChar) refers to st7735.o(i.ST7735_DrawString) for ST7735_DrawString
    st7735.o(i.ST7735_OutChar) refers to st7735.o(i.ST7735_DrawCharS) for ST7735_DrawCharS
    st7735.o(i.ST7735_OutChar) refers to st7735.o(.data) for StY
    st7735.o(i.ST7735_OutString) refers to st7735.o(i.ST7735_OutChar) for ST7735_OutChar
    st7735.o(i.ST7735_OutUDec) refers to st7735.o(i.fillmessage) for fillmessage
    st7735.o(i.ST7735_OutUDec) refers to st7735.o(i.ST7735_DrawString) for ST7735_DrawString
    st7735.o(i.ST7735_OutUDec) refers to st7735.o(i.ST7735_DrawCharS) for ST7735_DrawCharS
    st7735.o(i.ST7735_OutUDec) refers to st7735.o(.data) for Messageindex
    st7735.o(i.ST7735_OutUDec) refers to st7735.o(.bss) for Message
    st7735.o(i.ST7735_PlotBar) refers to st7735.o(i.ST7735_DrawFastVLine) for ST7735_DrawFastVLine
    st7735.o(i.ST7735_PlotBar) refers to st7735.o(.data) for Ymin
    st7735.o(i.ST7735_PlotClear) refers to st7735.o(i.ST7735_Color565) for ST7735_Color565
    st7735.o(i.ST7735_PlotClear) refers to st7735.o(i.ST7735_FillRect) for ST7735_FillRect
    st7735.o(i.ST7735_PlotClear) refers to st7735.o(.data) for Ymax
    st7735.o(i.ST7735_PlotLine) refers to st7735.o(i.ST7735_DrawPixel) for ST7735_DrawPixel
    st7735.o(i.ST7735_PlotLine) refers to st7735.o(.data) for Ymin
    st7735.o(i.ST7735_PlotNext) refers to st7735.o(.data) for X
    st7735.o(i.ST7735_PlotNextErase) refers to st7735.o(i.ST7735_Color565) for ST7735_Color565
    st7735.o(i.ST7735_PlotNextErase) refers to st7735.o(i.ST7735_DrawFastVLine) for ST7735_DrawFastVLine
    st7735.o(i.ST7735_PlotNextErase) refers to st7735.o(.data) for X
    st7735.o(i.ST7735_PlotPoint) refers to st7735.o(i.ST7735_DrawPixel) for ST7735_DrawPixel
    st7735.o(i.ST7735_PlotPoint) refers to st7735.o(.data) for Ymin
    st7735.o(i.ST7735_PlotPoints) refers to st7735.o(i.ST7735_DrawPixel) for ST7735_DrawPixel
    st7735.o(i.ST7735_PlotPoints) refers to st7735.o(.data) for Ymin
    st7735.o(i.ST7735_PlotdBfs) refers to st7735.o(i.ST7735_DrawFastVLine) for ST7735_DrawFastVLine
    st7735.o(i.ST7735_PlotdBfs) refers to st7735.o(.constdata) for dBfs
    st7735.o(i.ST7735_PlotdBfs) refers to st7735.o(.data) for X
    st7735.o(i.ST7735_SetCursor) refers to st7735.o(.data) for StX
    st7735.o(i.ST7735_SetRotation) refers to lcd.o(.text) for writecommand
    st7735.o(i.ST7735_SetRotation) refers to st7735.o(.data) for Rotation
    st7735.o(i.ST7735_SetTextColor) refers to st7735.o(.data) for StTextColor
    st7735.o(i.commandList) refers to lcd.o(.text) for writecommand
    st7735.o(i.commandList) refers to st7735.o(i.Delay1ms) for Delay1ms
    st7735.o(i.commonInit) refers to st7735.o(i.Delay1ms) for Delay1ms
    st7735.o(i.commonInit) refers to st7735.o(i.commandList) for commandList
    st7735.o(i.commonInit) refers to st7735.o(.data) for RowStart
    st7735.o(i.fillmessage) refers to st7735.o(.bss) for Message
    st7735.o(i.fillmessage) refers to st7735.o(.data) for Messageindex
    st7735.o(i.fputc) refers to st7735.o(i.ST7735_OutChar) for ST7735_OutChar
    st7735.o(i.pushColor) refers to lcd.o(.text) for writedata
    st7735.o(i.setAddrWindow) refers to lcd.o(.text) for writecommand
    st7735.o(i.setAddrWindow) refers to st7735.o(.data) for ColStart
    exit.o(.text) refers to rtexit.o(.ARM.Collect$$rtexit$$00000000) for __rt_exit
    __main.o(!!!main) refers to __rtentry.o(.ARM.Collect$$rtentry$$00000000) for __rt_entry
    __rtentry.o(.ARM.Collect$$rtentry$$00000000) refers (Special) to __rtentry2.o(.ARM.Collect$$rtentry$$0000000A) for __rt_entry_li
    __rtentry.o(.ARM.Collect$$rtentry$$00000000) refers (Special) to __rtentry2.o(.ARM.Collect$$rtentry$$0000000D) for __rt_entry_main
    __rtentry.o(.ARM.Collect$$rtentry$$00000000) refers (Special) to __rtentry2.o(.ARM.Collect$$rtentry$$0000000C) for __rt_entry_postli_1
    __rtentry.o(.ARM.Collect$$rtentry$$00000000) refers (Special) to __rtentry2.o(.ARM.Collect$$rtentry$$00000009) for __rt_entry_postsh_1
    __rtentry.o(.ARM.Collect$$rtentry$$00000000) refers (Special) to __rtentry2.o(.ARM.Collect$$rtentry$$00000002) for __rt_entry_presh_1
    __rtentry.o(.ARM.Collect$$rtentry$$00000000) refers (Special) to __rtentry4.o(.ARM.Collect$$rtentry$$00000004) for __rt_entry_sh
    rtexit.o(.ARM.Collect$$rtexit$$00000000) refers (Special) to rtexit2.o(.ARM.Collect$$rtexit$$00000004) for __rt_exit_exit
    rtexit.o(.ARM.Collect$$rtexit$$00000000) refers (Special) to rtexit2.o(.ARM.Collect$$rtexit$$00000003) for __rt_exit_ls
    rtexit.o(.ARM.Collect$$rtexit$$00000000) refers (Special) to rtexit2.o(.ARM.Collect$$rtexit$$00000002) for __rt_exit_prels_1
    rtexit.o(.ARM.exidx) refers (Special) to rtexit2.o(.ARM.Collect$$rtexit$$00000004) for __rt_exit_exit
    rtexit.o(.ARM.exidx) refers (Special) to rtexit2.o(.ARM.Collect$$rtexit$$00000003) for __rt_exit_ls
    rtexit.o(.ARM.exidx) refers (Special) to rtexit2.o(.ARM.Collect$$rtexit$$00000002) for __rt_exit_prels_1
    rtexit.o(.ARM.exidx) refers to rtexit.o(.ARM.Collect$$rtexit$$00000000) for .ARM.Collect$$rtexit$$00000000
    __rtentry2.o(.ARM.Collect$$rtentry$$00000008) refers to boardinit2.o(.text) for _platform_post_stackheap_init
    __rtentry2.o(.ARM.Collect$$rtentry$$0000000A) refers to libinit.o(.ARM.Collect$$libinit$$00000000) for __rt_lib_init
    __rtentry2.o(.ARM.Collect$$rtentry$$0000000B) refers to boardinit3.o(.text) for _platform_post_lib_init
    __rtentry2.o(.ARM.Collect$$rtentry$$0000000D) refers to spaceinvaders.o(i.main) for main
    __rtentry2.o(.ARM.Collect$$rtentry$$0000000D) refers to exit.o(.text) for exit
    __rtentry2.o(.ARM.exidx) refers to __rtentry2.o(.ARM.Collect$$rtentry$$00000001) for .ARM.Collect$$rtentry$$00000001
    __rtentry2.o(.ARM.exidx) refers to __rtentry2.o(.ARM.Collect$$rtentry$$00000008) for .ARM.Collect$$rtentry$$00000008
    __rtentry2.o(.ARM.exidx) refers to __rtentry2.o(.ARM.Collect$$rtentry$$0000000A) for .ARM.Collect$$rtentry$$0000000A
    __rtentry2.o(.ARM.exidx) refers to __rtentry2.o(.ARM.Collect$$rtentry$$0000000B) for .ARM.Collect$$rtentry$$0000000B
    __rtentry2.o(.ARM.exidx) refers to __rtentry2.o(.ARM.Collect$$rtentry$$0000000D) for .ARM.Collect$$rtentry$$0000000D
    __rtentry4.o(.ARM.Collect$$rtentry$$00000004) refers to sys_stackheap_outer.o(.text) for __user_setup_stackheap
    __rtentry4.o(.ARM.exidx) refers to __rtentry4.o(.ARM.Collect$$rtentry$$00000004) for .ARM.Collect$$rtentry$$00000004
    rtexit2.o(.ARM.Collect$$rtexit$$00000003) refers to libshutdown.o(.ARM.Collect$$libshutdown$$00000000) for __rt_lib_shutdown
    rtexit2.o(.ARM.Collect$$rtexit$$00000004) refers to sys_exit.o(.text) for _sys_exit
    rtexit2.o(.ARM.exidx) refers to rtexit2.o(.ARM.Collect$$rtexit$$00000001) for .ARM.Collect$$rtexit$$00000001
    rtexit2.o(.ARM.exidx) refers to rtexit2.o(.ARM.Collect$$rtexit$$00000003) for .ARM.Collect$$rtexit$$00000003
    rtexit2.o(.ARM.exidx) refers to rtexit2.o(.ARM.Collect$$rtexit$$00000004) for .ARM.Collect$$rtexit$$00000004
    sys_exit.o(.text) refers (Special) to use_no_semi.o(.text) for __I$use$semihosting
    sys_exit.o(.text) refers (Special) to indicate_semi.o(.text) for __semihosting_library_function
    sys_stackheap_outer.o(.text) refers to libspace.o(.text) for __user_perproc_libspace
    sys_stackheap_outer.o(.text) refers to startup.o(.text) for __user_initial_stackheap
    libinit.o(.ARM.Collect$$libinit$$00000000) refers (Special) to libinit2.o(.ARM.Collect$$libinit$$0000002E) for __rt_lib_init_alloca_1
    libinit.o(.ARM.Collect$$libinit$$00000000) refers (Special) to libinit2.o(.ARM.Collect$$libinit$$0000002C) for __rt_lib_init_argv_1
    libinit.o(.ARM.Collect$$libinit$$00000000) refers (Special) to libinit2.o(.ARM.Collect$$libinit$$0000001B) for __rt_lib_init_atexit_1
    libinit.o(.ARM.Collect$$libinit$$00000000) refers (Special) to libinit2.o(.ARM.Collect$$libinit$$00000021) for __rt_lib_init_clock_1
    libinit.o(.ARM.Collect$$libinit$$00000000) refers (Special) to libinit2.o(.ARM.Collect$$libinit$$00000032) for __rt_lib_init_cpp_1
    libinit.o(.ARM.Collect$$libinit$$00000000) refers (Special) to libinit2.o(.ARM.Collect$$libinit$$00000030) for __rt_lib_init_exceptions_1
    libinit.o(.ARM.Collect$$libinit$$00000000) refers (Special) to libinit2.o(.ARM.Collect$$libinit$$00000002) for __rt_lib_init_fp_1
    libinit.o(.ARM.Collect$$libinit$$00000000) refers (Special) to libinit2.o(.ARM.Collect$$libinit$$0000001F) for __rt_lib_init_fp_trap_1
    libinit.o(.ARM.Collect$$libinit$$00000000) refers (Special) to libinit2.o(.ARM.Collect$$libinit$$00000023) for __rt_lib_init_getenv_1
    libinit.o(.ARM.Collect$$libinit$$00000000) refers (Special) to libinit2.o(.ARM.Collect$$libinit$$0000000A) for __rt_lib_init_heap_1
    libinit.o(.ARM.Collect$$libinit$$00000000) refers (Special) to libinit2.o(.ARM.Collect$$libinit$$00000011) for __rt_lib_init_lc_collate_1
    libinit.o(.ARM.Collect$$libinit$$00000000) refers (Special) to libinit2.o(.ARM.Collect$$libinit$$00000013) for __rt_lib_init_lc_ctype_1
    libinit.o(.ARM.Collect$$libinit$$00000000) refers (Special) to libinit2.o(.ARM.Collect$$libinit$$00000015) for __rt_lib_init_lc_monetary_1
    libinit.o(.ARM.Collect$$libinit$$00000000) refers (Special) to libinit2.o(.ARM.Collect$$libinit$$00000017) for __rt_lib_init_lc_numeric_1
    libinit.o(.ARM.Collect$$libinit$$00000000) refers (Special) to libinit2.o(.ARM.Collect$$libinit$$00000019) for __rt_lib_init_lc_time_1
    libinit.o(.ARM.Collect$$libinit$$00000000) refers (Special) to libinit2.o(.ARM.Collect$$libinit$$00000004) for __rt_lib_init_preinit_1
    libinit.o(.ARM.Collect$$libinit$$00000000) refers (Special) to libinit2.o(.ARM.Collect$$libinit$$0000000E) for __rt_lib_init_rand_1
    libinit.o(.ARM.Collect$$libinit$$00000000) refers (Special) to libinit2.o(.ARM.Collect$$libinit$$00000033) for __rt_lib_init_return
    libinit.o(.ARM.Collect$$libinit$$00000000) refers (Special) to libinit2.o(.ARM.Collect$$libinit$$0000001D) for __rt_lib_init_signal_1
    libinit.o(.ARM.Collect$$libinit$$00000000) refers (Special) to libinit2.o(.ARM.Collect$$libinit$$00000025) for __rt_lib_init_stdio_1
    libinit.o(.ARM.Collect$$libinit$$00000000) refers (Special) to libinit2.o(.ARM.Collect$$libinit$$0000000C) for __rt_lib_init_user_alloc_1
    libshutdown.o(.ARM.Collect$$libshutdown$$00000000) refers (Special) to libshutdown2.o(.ARM.Collect$$libshutdown$$00000002) for __rt_lib_shutdown_cpp_1
    libshutdown.o(.ARM.Collect$$libshutdown$$00000000) refers (Special) to libshutdown2.o(.ARM.Collect$$libshutdown$$00000007) for __rt_lib_shutdown_fp_trap_1
    libshutdown.o(.ARM.Collect$$libshutdown$$00000000) refers (Special) to libshutdown2.o(.ARM.Collect$$libshutdown$$0000000F) for __rt_lib_shutdown_heap_1
    libshutdown.o(.ARM.Collect$$libshutdown$$00000000) refers (Special) to libshutdown2.o(.ARM.Collect$$libshutdown$$00000010) for __rt_lib_shutdown_return
    libshutdown.o(.ARM.Collect$$libshutdown$$00000000) refers (Special) to libshutdown2.o(.ARM.Collect$$libshutdown$$0000000A) for __rt_lib_shutdown_signal_1
    libshutdown.o(.ARM.Collect$$libshutdown$$00000000) refers (Special) to libshutdown2.o(.ARM.Collect$$libshutdown$$00000004) for __rt_lib_shutdown_stdio_1
    libshutdown.o(.ARM.Collect$$libshutdown$$00000000) refers (Special) to libshutdown2.o(.ARM.Collect$$libshutdown$$0000000C) for __rt_lib_shutdown_user_alloc_1
    libspace.o(.text) refers to libspace.o(.bss) for __libspace_start
    libinit2.o(.ARM.Collect$$libinit$$00000010) refers to libinit2.o(.ARM.Collect$$libinit$$0000000F) for .ARM.Collect$$libinit$$0000000F
    libinit2.o(.ARM.Collect$$libinit$$00000012) refers to libinit2.o(.ARM.Collect$$libinit$$0000000F) for .ARM.Collect$$libinit$$0000000F
    libinit2.o(.ARM.Collect$$libinit$$00000014) refers to libinit2.o(.ARM.Collect$$libinit$$0000000F) for .ARM.Collect$$libinit$$0000000F
    libinit2.o(.ARM.Collect$$libinit$$00000016) refers to libinit2.o(.ARM.Collect$$libinit$$0000000F) for .ARM.Collect$$libinit$$0000000F
    libinit2.o(.ARM.Collect$$libinit$$00000018) refers to libinit2.o(.ARM.Collect$$libinit$$0000000F) for .ARM.Collect$$libinit$$0000000F
    libinit2.o(.ARM.Collect$$libinit$$00000026) refers to argv_veneer.o(.emb_text) for __ARM_argv_veneer
    libinit2.o(.ARM.Collect$$libinit$$00000027) refers to argv_veneer.o(.emb_text) for __ARM_argv_veneer
    argv_veneer.o(.emb_text) refers to no_argv.o(.text) for __ARM_get_argv
    _get_argv_nomalloc.o(.text) refers (Special) to hrguard.o(.text) for __heap_region$guard
    _get_argv_nomalloc.o(.text) refers to defsig_rtmem_outer.o(.text) for __rt_SIGRTMEM
    _get_argv_nomalloc.o(.text) refers to sys_command.o(.text) for _sys_command_string
    sys_command.o(.text) refers (Special) to use_no_semi.o(.text) for __I$use$semihosting
    sys_command.o(.text) refers (Special) to indicate_semi.o(.text) for __semihosting_library_function
    defsig_rtmem_outer.o(.text) refers to defsig_rtmem_inner.o(.text) for __rt_SIGRTMEM_inner
    defsig_rtmem_outer.o(.text) refers to defsig_exit.o(.text) for __sig_exit
    defsig_rtmem_formal.o(.text) refers to rt_raise.o(.text) for __rt_raise
    rt_raise.o(.text) refers to __raise.o(.text) for __raise
    rt_raise.o(.text) refers to sys_exit.o(.text) for _sys_exit
    defsig_exit.o(.text) refers to sys_exit.o(.text) for _sys_exit
    defsig_rtmem_inner.o(.text) refers to defsig_general.o(.text) for __default_signal_display
    __raise.o(.text) refers to defsig.o(CL$$defsig) for __default_signal_handler
    defsig_general.o(.text) refers to sys_wrch.o(.text) for _ttywrch
    sys_wrch.o(.text) refers (Special) to use_no_semi.o(.text) for __I$use$semihosting
    sys_wrch.o(.text) refers (Special) to indicate_semi.o(.text) for __semihosting_library_function
    defsig.o(CL$$defsig) refers to defsig_rtmem_inner.o(.text) for __rt_SIGRTMEM_inner
    defsig_abrt_inner.o(.text) refers to defsig_general.o(.text) for __default_signal_display
    defsig_fpe_inner.o(.text) refers to defsig_general.o(.text) for __default_signal_display
    defsig_rtred_inner.o(.text) refers to defsig_general.o(.text) for __default_signal_display
    defsig_stak_inner.o(.text) refers to defsig_general.o(.text) for __default_signal_display
    defsig_pvfn_inner.o(.text) refers to defsig_general.o(.text) for __default_signal_display
    defsig_cppl_inner.o(.text) refers to defsig_general.o(.text) for __default_signal_display
    defsig_segv_inner.o(.text) refers to defsig_general.o(.text) for __default_signal_display
    defsig_other.o(.text) refers to defsig_general.o(.text) for __default_signal_display


==============================================================================

Removing Unused input sections from the image.

    Removing random.o(DATA), (4 bytes).
    Removing random.o(.text), (60 bytes).
    Removing sound.o(i.Sound_Explosion), (20 bytes).
    Removing sound.o(i.Sound_Fastinvader1), (20 bytes).
    Removing sound.o(i.Sound_Fastinvader2), (20 bytes).
    Removing sound.o(i.Sound_Fastinvader3), (20 bytes).
    Removing sound.o(i.Sound_Fastinvader4), (20 bytes).
    Removing sound.o(i.Sound_Highpitch), (20 bytes).
    Removing sound.o(i.Sound_Killed), (20 bytes).
    Removing sound.o(i.Sound_Pause), (20 bytes).
    Removing st7735.o(i.Output_Clear), (10 bytes).
    Removing st7735.o(i.Output_Color), (12 bytes).
    Removing st7735.o(i.Output_Off), (8 bytes).
    Removing st7735.o(i.Output_On), (8 bytes).
    Removing st7735.o(i.ST7735_Color565), (24 bytes).
    Removing st7735.o(i.ST7735_DrawChar), (272 bytes).
    Removing st7735.o(i.ST7735_DrawFastHLine), (124 bytes).
    Removing st7735.o(i.ST7735_DrawFastVLine), (124 bytes).
    Removing st7735.o(i.ST7735_InitB), (40 bytes).
    Removing st7735.o(i.ST7735_InvertDisplay), (22 bytes).
    Removing st7735.o(i.ST7735_OutUDec), (140 bytes).
    Removing st7735.o(i.ST7735_PlotBar), (88 bytes).
    Removing st7735.o(i.ST7735_PlotClear), (92 bytes).
    Removing st7735.o(i.ST7735_PlotLine), (264 bytes).
    Removing st7735.o(i.ST7735_PlotNext), (32 bytes).
    Removing st7735.o(i.ST7735_PlotNextErase), (64 bytes).
    Removing st7735.o(i.ST7735_PlotPoint), (152 bytes).
    Removing st7735.o(i.ST7735_PlotPoints), (172 bytes).
    Removing st7735.o(i.ST7735_PlotdBfs), (60 bytes).
    Removing st7735.o(i.ST7735_SetRotation), (212 bytes).
    Removing st7735.o(i.ST7735_SetTextColor), (12 bytes).
    Removing st7735.o(i.ST7735_SwapColor), (18 bytes).
    Removing st7735.o(i.ferror), (8 bytes).
    Removing st7735.o(i.fgetc), (6 bytes).
    Removing st7735.o(i.fillmessage), (72 bytes).
    Removing st7735.o(i.fputc), (16 bytes).
    Removing st7735.o(.bss), (12 bytes).

37 unused section(s) (total 2288 bytes) removed from the image.

==============================================================================

Image Symbol Table

    Local Symbols

    Symbol Name                              Value     Ov Type        Size  Object(Section)

    RESET                                    0x00000000   Section      644  startup.o(RESET)
    ../clib/angel/boardlib.s                 0x00000000   Number         0  boardshut.o ABSOLUTE
    ../clib/angel/boardlib.s                 0x00000000   Number         0  boardinit3.o ABSOLUTE
    ../clib/angel/boardlib.s                 0x00000000   Number         0  boardinit1.o ABSOLUTE
    ../clib/angel/boardlib.s                 0x00000000   Number         0  boardinit2.o ABSOLUTE
    ../clib/angel/handlers.s                 0x00000000   Number         0  __scatter_zi.o ABSOLUTE
    ../clib/angel/handlers.s                 0x00000000   Number         0  __scatter_copy.o ABSOLUTE
    ../clib/angel/kernel.s                   0x00000000   Number         0  __rtentry.o ABSOLUTE
    ../clib/angel/kernel.s                   0x00000000   Number         0  rtexit.o ABSOLUTE
    ../clib/angel/kernel.s                   0x00000000   Number         0  __rtentry4.o ABSOLUTE
    ../clib/angel/kernel.s                   0x00000000   Number         0  rtexit2.o ABSOLUTE
    ../clib/angel/kernel.s                   0x00000000   Number         0  __rtentry2.o ABSOLUTE
    ../clib/angel/rt.s                       0x00000000   Number         0  rt_raise.o ABSOLUTE
    ../clib/angel/scatter.s                  0x00000000   Number         0  __scatter.o ABSOLUTE
    ../clib/angel/startup.s                  0x00000000   Number         0  __main.o ABSOLUTE
    ../clib/angel/sys.s                      0x00000000   Number         0  libspace.o ABSOLUTE
    ../clib/angel/sys.s                      0x00000000   Number         0  indicate_semi.o ABSOLUTE
    ../clib/angel/sys.s                      0x00000000   Number         0  sys_stackheap_outer.o ABSOLUTE
    ../clib/angel/sys.s                      0x00000000   Number         0  use_no_semi.o ABSOLUTE
    ../clib/angel/sysapp.c                   0x00000000   Number         0  sys_command.o ABSOLUTE
    ../clib/angel/sysapp.c                   0x00000000   Number         0  sys_exit.o ABSOLUTE
    ../clib/angel/sysapp.c                   0x00000000   Number         0  sys_wrch.o ABSOLUTE
    ../clib/armsys.c                         0x00000000   Number         0  argv_veneer.o ABSOLUTE
    ../clib/armsys.c                         0x00000000   Number         0  _get_argv_nomalloc.o ABSOLUTE
    ../clib/armsys.c                         0x00000000   Number         0  argv_veneer.o ABSOLUTE
    ../clib/armsys.c                         0x00000000   Number         0  no_argv.o ABSOLUTE
    ../clib/heapalloc.c                      0x00000000   Number         0  hrguard.o ABSOLUTE
    ../clib/heapaux.c                        0x00000000   Number         0  heapauxi.o ABSOLUTE
    ../clib/libinit.s                        0x00000000   Number         0  libshutdown.o ABSOLUTE
    ../clib/libinit.s                        0x00000000   Number         0  libinit.o ABSOLUTE
    ../clib/libinit.s                        0x00000000   Number         0  libshutdown2.o ABSOLUTE
    ../clib/libinit.s                        0x00000000   Number         0  libinit2.o ABSOLUTE
    ../clib/signal.c                         0x00000000   Number         0  defsig_pvfn_inner.o ABSOLUTE
    ../clib/signal.c                         0x00000000   Number         0  __raise.o ABSOLUTE
    ../clib/signal.c                         0x00000000   Number         0  defsig_rtmem_inner.o ABSOLUTE
    ../clib/signal.c                         0x00000000   Number         0  defsig_exit.o ABSOLUTE
    ../clib/signal.c                         0x00000000   Number         0  defsig_rtmem_formal.o ABSOLUTE
    ../clib/signal.c                         0x00000000   Number         0  defsig_other.o ABSOLUTE
    ../clib/signal.c                         0x00000000   Number         0  defsig_segv_inner.o ABSOLUTE
    ../clib/signal.c                         0x00000000   Number         0  defsig_cppl_inner.o ABSOLUTE
    ../clib/signal.c                         0x00000000   Number         0  defsig_stak_inner.o ABSOLUTE
    ../clib/signal.c                         0x00000000   Number         0  defsig_rtred_inner.o ABSOLUTE
    ../clib/signal.c                         0x00000000   Number         0  defsig_fpe_inner.o ABSOLUTE
    ../clib/signal.c                         0x00000000   Number         0  defsig_abrt_inner.o ABSOLUTE
    ../clib/signal.c                         0x00000000   Number         0  defsig_rtmem_outer.o ABSOLUTE
    ../clib/signal.c                         0x00000000   Number         0  defsig_general.o ABSOLUTE
    ../clib/signal.s                         0x00000000   Number         0  defsig.o ABSOLUTE
    ../clib/stdlib.c                         0x00000000   Number         0  exit.o ABSOLUTE
    ../fplib/fpinit.s                        0x00000000   Number         0  fpinit.o ABSOLUTE
    ADC.c                                    0x00000000   Number         0  adc.o ABSOLUTE
    DAC.c                                    0x00000000   Number         0  dac.o ABSOLUTE
    LCD.s                                    0x00000000   Number         0  lcd.o ABSOLUTE
    PLL.c                                    0x00000000   Number         0  pll.o ABSOLUTE
    Print.s                                  0x00000000   Number         0  print.o ABSOLUTE
    ST7735.c                                 0x00000000   Number         0  st7735.o ABSOLUTE
    Sound.c                                  0x00000000   Number         0  sound.o ABSOLUTE
    SpaceInvaders.c                          0x00000000   Number         0  spaceinvaders.o ABSOLUTE
    Timer0.c                                 0x00000000   Number         0  timer0.o ABSOLUTE
    Timer1.c                                 0x00000000   Number         0  timer1.o ABSOLUTE
    dc.s                                     0x00000000   Number         0  dc.o ABSOLUTE
    random.s                                 0x00000000   Number         0  random.o ABSOLUTE
    startup.s                                0x00000000   Number         0  startup.o ABSOLUTE
    !!!main                                  0x00000284   Section        8  __main.o(!!!main)
    !!!scatter                               0x0000028c   Section       52  __scatter.o(!!!scatter)
    !!handler_copy                           0x000002c0   Section       26  __scatter_copy.o(!!handler_copy)
    !!handler_zi                             0x000002dc   Section       28  __scatter_zi.o(!!handler_zi)
    .ARM.Collect$$libinit$$00000000          0x000002f8   Section        2  libinit.o(.ARM.Collect$$libinit$$00000000)
    .ARM.Collect$$libinit$$00000002          0x000002fa   Section        0  libinit2.o(.ARM.Collect$$libinit$$00000002)
    .ARM.Collect$$libinit$$00000004          0x000002fa   Section        0  libinit2.o(.ARM.Collect$$libinit$$00000004)
    .ARM.Collect$$libinit$$0000000A          0x000002fa   Section        0  libinit2.o(.ARM.Collect$$libinit$$0000000A)
    .ARM.Collect$$libinit$$0000000C          0x000002fa   Section        0  libinit2.o(.ARM.Collect$$libinit$$0000000C)
    .ARM.Collect$$libinit$$0000000E          0x000002fa   Section        0  libinit2.o(.ARM.Collect$$libinit$$0000000E)
    .ARM.Collect$$libinit$$00000011          0x000002fa   Section        0  libinit2.o(.ARM.Collect$$libinit$$00000011)
    .ARM.Collect$$libinit$$00000013          0x000002fa   Section        0  libinit2.o(.ARM.Collect$$libinit$$00000013)
    .ARM.Collect$$libinit$$00000015          0x000002fa   Section        0  libinit2.o(.ARM.Collect$$libinit$$00000015)
    .ARM.Collect$$libinit$$00000017          0x000002fa   Section        0  libinit2.o(.ARM.Collect$$libinit$$00000017)
    .ARM.Collect$$libinit$$00000019          0x000002fa   Section        0  libinit2.o(.ARM.Collect$$libinit$$00000019)
    .ARM.Collect$$libinit$$0000001B          0x000002fa   Section        0  libinit2.o(.ARM.Collect$$libinit$$0000001B)
    .ARM.Collect$$libinit$$0000001D          0x000002fa   Section        0  libinit2.o(.ARM.Collect$$libinit$$0000001D)
    .ARM.Collect$$libinit$$0000001F          0x000002fa   Section        0  libinit2.o(.ARM.Collect$$libinit$$0000001F)
    .ARM.Collect$$libinit$$00000021          0x000002fa   Section        0  libinit2.o(.ARM.Collect$$libinit$$00000021)
    .ARM.Collect$$libinit$$00000023          0x000002fa   Section        0  libinit2.o(.ARM.Collect$$libinit$$00000023)
    .ARM.Collect$$libinit$$00000025          0x000002fa   Section        0  libinit2.o(.ARM.Collect$$libinit$$00000025)
    .ARM.Collect$$libinit$$0000002C          0x000002fa   Section        0  libinit2.o(.ARM.Collect$$libinit$$0000002C)
    .ARM.Collect$$libinit$$0000002E          0x000002fa   Section        0  libinit2.o(.ARM.Collect$$libinit$$0000002E)
    .ARM.Collect$$libinit$$00000030          0x000002fa   Section        0  libinit2.o(.ARM.Collect$$libinit$$00000030)
    .ARM.Collect$$libinit$$00000032          0x000002fa   Section        0  libinit2.o(.ARM.Collect$$libinit$$00000032)
    .ARM.Collect$$libinit$$00000033          0x000002fa   Section        2  libinit2.o(.ARM.Collect$$libinit$$00000033)
    .ARM.Collect$$libshutdown$$00000000      0x000002fc   Section        2  libshutdown.o(.ARM.Collect$$libshutdown$$00000000)
    .ARM.Collect$$libshutdown$$00000002      0x000002fe   Section        0  libshutdown2.o(.ARM.Collect$$libshutdown$$00000002)
    .ARM.Collect$$libshutdown$$00000004      0x000002fe   Section        0  libshutdown2.o(.ARM.Collect$$libshutdown$$00000004)
    .ARM.Collect$$libshutdown$$00000007      0x000002fe   Section        0  libshutdown2.o(.ARM.Collect$$libshutdown$$00000007)
    .ARM.Collect$$libshutdown$$0000000A      0x000002fe   Section        0  libshutdown2.o(.ARM.Collect$$libshutdown$$0000000A)
    .ARM.Collect$$libshutdown$$0000000C      0x000002fe   Section        0  libshutdown2.o(.ARM.Collect$$libshutdown$$0000000C)
    .ARM.Collect$$libshutdown$$0000000F      0x000002fe   Section        0  libshutdown2.o(.ARM.Collect$$libshutdown$$0000000F)
    .ARM.Collect$$libshutdown$$00000010      0x000002fe   Section        2  libshutdown2.o(.ARM.Collect$$libshutdown$$00000010)
    .ARM.Collect$$rtentry$$00000000          0x00000300   Section        0  __rtentry.o(.ARM.Collect$$rtentry$$00000000)
    .ARM.Collect$$rtentry$$00000002          0x00000300   Section        0  __rtentry2.o(.ARM.Collect$$rtentry$$00000002)
    .ARM.Collect$$rtentry$$00000004          0x00000300   Section        6  __rtentry4.o(.ARM.Collect$$rtentry$$00000004)
    .ARM.Collect$$rtentry$$00000009          0x00000306   Section        0  __rtentry2.o(.ARM.Collect$$rtentry$$00000009)
    .ARM.Collect$$rtentry$$0000000A          0x00000306   Section        4  __rtentry2.o(.ARM.Collect$$rtentry$$0000000A)
    .ARM.Collect$$rtentry$$0000000C          0x0000030a   Section        0  __rtentry2.o(.ARM.Collect$$rtentry$$0000000C)
    .ARM.Collect$$rtentry$$0000000D          0x0000030a   Section        8  __rtentry2.o(.ARM.Collect$$rtentry$$0000000D)
    .ARM.Collect$$rtexit$$00000000           0x00000312   Section        2  rtexit.o(.ARM.Collect$$rtexit$$00000000)
    .ARM.Collect$$rtexit$$00000002           0x00000314   Section        0  rtexit2.o(.ARM.Collect$$rtexit$$00000002)
    .ARM.Collect$$rtexit$$00000003           0x00000314   Section        4  rtexit2.o(.ARM.Collect$$rtexit$$00000003)
    .ARM.Collect$$rtexit$$00000004           0x00000318   Section        6  rtexit2.o(.ARM.Collect$$rtexit$$00000004)
    .text                                    0x00000320   Section       48  startup.o(.text)
    .text                                    0x00000350   Section       80  lcd.o(.text)
    .text                                    0x000003a0   Section      200  print.o(.text)
    .text                                    0x00000468   Section        0  exit.o(.text)
    .text                                    0x0000047a   Section        0  heapauxi.o(.text)
    .text                                    0x00000480   Section        0  sys_exit.o(.text)
    .text                                    0x0000048c   Section       74  sys_stackheap_outer.o(.text)
    .text                                    0x000004d8   Section        8  libspace.o(.text)
    .text                                    0x000004e0   Section        2  use_no_semi.o(.text)
    .text                                    0x000004e2   Section        0  indicate_semi.o(.text)
    i.ADC_In                                 0x000004e4   Section        0  adc.o(i.ADC_In)
    i.ADC_Init                               0x00000510   Section        0  adc.o(i.ADC_Init)
    i.Button_Init                            0x000005e8   Section        0  spaceinvaders.o(i.Button_Init)
    i.Convert                                0x0000061c   Section        0  spaceinvaders.o(i.Convert)
    i.DAC_Init                               0x00000628   Section        0  dac.o(i.DAC_Init)
    i.DAC_Out                                0x00000664   Section        0  dac.o(i.DAC_Out)
    i.Delay100ms                             0x00000670   Section        0  spaceinvaders.o(i.Delay100ms)
    i.Delay1ms                               0x00000694   Section        0  st7735.o(i.Delay1ms)
    i.GameDraw                               0x000006b4   Section        0  spaceinvaders.o(i.GameDraw)
    i.GameInit                               0x00000818   Section        0  spaceinvaders.o(i.GameInit)
    i.GameMove                               0x000009d0   Section        0  spaceinvaders.o(i.GameMove)
    i.Game_Over                              0x00000b60   Section        0  sound.o(i.Game_Over)
    i.Moving_Init                            0x00000b74   Section        0  spaceinvaders.o(i.Moving_Init)
    i.Output_Init                            0x00000b88   Section        0  st7735.o(i.Output_Init)
    i.PLL_Init                               0x00000b98   Section        0  pll.o(i.PLL_Init)
    i.PlayerPosition                         0x00000c14   Section        0  spaceinvaders.o(i.PlayerPosition)
    i.ST7735_DrawBitmap                      0x00000c7c   Section        0  st7735.o(i.ST7735_DrawBitmap)
    i.ST7735_DrawCharS                       0x00000d9c   Section        0  st7735.o(i.ST7735_DrawCharS)
    i.ST7735_DrawPixel                       0x00000e94   Section        0  st7735.o(i.ST7735_DrawPixel)
    i.ST7735_DrawString                      0x00000edc   Section        0  st7735.o(i.ST7735_DrawString)
    i.ST7735_FillRect                        0x00000f30   Section        0  st7735.o(i.ST7735_FillRect)
    i.ST7735_FillScreen                      0x00000fdc   Section        0  st7735.o(i.ST7735_FillScreen)
    i.ST7735_InitR                           0x00001000   Section        0  st7735.o(i.ST7735_InitR)
    i.ST7735_OutChar                         0x0000107c   Section        0  st7735.o(i.ST7735_OutChar)
    i.ST7735_OutString                       0x00001150   Section        0  st7735.o(i.ST7735_OutString)
    i.ST7735_SetCursor                       0x00001168   Section        0  st7735.o(i.ST7735_SetCursor)
    i.SoundTask                              0x00001188   Section        0  sound.o(i.SoundTask)
    i.Sound_Init                             0x000011d8   Section        0  sound.o(i.Sound_Init)
    i.Sound_Menu                             0x000011f8   Section        0  sound.o(i.Sound_Menu)
    i.Sound_Play                             0x0000120c   Section        0  sound.o(i.Sound_Play)
    i.Sound_Shoot                            0x00001228   Section        0  sound.o(i.Sound_Shoot)
    i.SysTick_Handler                        0x0000123c   Section        0  spaceinvaders.o(i.SysTick_Handler)
    i.SysTick_Init                           0x00001258   Section        0  spaceinvaders.o(i.SysTick_Init)
    i.Timer0A_Handler                        0x00001288   Section        0  timer0.o(i.Timer0A_Handler)
    i.Timer0_Init                            0x000012a0   Section        0  timer0.o(i.Timer0_Init)
    i.Timer1A_Handler                        0x00001300   Section        0  timer1.o(i.Timer1A_Handler)
    i.Timer1_Init                            0x00001318   Section        0  timer1.o(i.Timer1_Init)
    i.Vic_Tory                               0x00001378   Section        0  sound.o(i.Vic_Tory)
    i.addLaser                               0x0000138c   Section        0  spaceinvaders.o(i.addLaser)
    i.checkPause                             0x00001480   Section        0  spaceinvaders.o(i.checkPause)
    i.commandList                            0x000014a0   Section        0  st7735.o(i.commandList)
    commandList                              0x000014a1   Thumb Code    86  st7735.o(i.commandList)
    i.commonInit                             0x000014f8   Section        0  st7735.o(i.commonInit)
    commonInit                               0x000014f9   Thumb Code   342  st7735.o(i.commonInit)
    i.game_sound                             0x00001680   Section        0  spaceinvaders.o(i.game_sound)
    i.hitEnemy                               0x000016c0   Section        0  spaceinvaders.o(i.hitEnemy)
    i.livescount                             0x0000180c   Section        0  spaceinvaders.o(i.livescount)
    i.loser                                  0x00001838   Section        0  spaceinvaders.o(i.loser)
    i.main                                   0x000018c4   Section        0  spaceinvaders.o(i.main)
    i.moveEnemy                              0x000019b0   Section        0  spaceinvaders.o(i.moveEnemy)
    i.moveLaser                              0x000019bc   Section        0  spaceinvaders.o(i.moveLaser)
    i.pushColor                              0x00001a28   Section        0  st7735.o(i.pushColor)
    pushColor                                0x00001a29   Thumb Code    18  st7735.o(i.pushColor)
    i.scoreUpdate                            0x00001a3c   Section        0  spaceinvaders.o(i.scoreUpdate)
    i.setAddrWindow                          0x00001ad8   Section        0  st7735.o(i.setAddrWindow)
    setAddrWindow                            0x00001ad9   Thumb Code   106  st7735.o(i.setAddrWindow)
    i.sploser                                0x00001b4c   Section        0  spaceinvaders.o(i.sploser)
    i.spwinner                               0x00001be0   Section        0  spaceinvaders.o(i.spwinner)
    i.startScreen                            0x00001c70   Section        0  spaceinvaders.o(i.startScreen)
    i.winner                                 0x00001d64   Section        0  spaceinvaders.o(i.winner)
    .constdata                               0x00001df8   Section    233603  sound.o(.constdata)
    .constdata                               0x0003ae7c   Section    14076  spaceinvaders.o(.constdata)
    .constdata                               0x0003e578   Section     2018  st7735.o(.constdata)
    Font                                     0x0003e578   Data        1275  st7735.o(.constdata)
    Bcmd                                     0x0003ea73   Data         103  st7735.o(.constdata)
    Rcmd1                                    0x0003eada   Data          59  st7735.o(.constdata)
    Rcmd2green                               0x0003eb15   Data          13  st7735.o(.constdata)
    Rcmd2red                                 0x0003eb22   Data          13  st7735.o(.constdata)
    Rcmd3                                    0x0003eb2f   Data          43  st7735.o(.constdata)
    .data                                    0x20000000   Section        8  timer0.o(.data)
    .data                                    0x20000008   Section        4  timer1.o(.data)
    .data                                    0x2000000c   Section        9  sound.o(.data)
    .data                                    0x20000018   Section       58  spaceinvaders.o(.data)
    .data                                    0x20000054   Section       44  st7735.o(.data)
    ColStart                                 0x2000005e   Data           1  st7735.o(.data)
    RowStart                                 0x2000005f   Data           1  st7735.o(.data)
    Rotation                                 0x20000060   Data           1  st7735.o(.data)
    TabColor                                 0x20000061   Data           1  st7735.o(.data)
    _width                                   0x20000062   Data           2  st7735.o(.data)
    _height                                  0x20000064   Data           2  st7735.o(.data)
    .bss                                     0x20000080   Section     4720  spaceinvaders.o(.bss)
    .bss                                     0x200012f0   Section       96  libspace.o(.bss)
    HEAP                                     0x20001350   Section        0  startup.o(HEAP)
    STACK                                    0x20001350   Section     1024  startup.o(STACK)
    HeapMem                                  0x20001350   Data           0  startup.o(HEAP)
    StackMem                                 0x20001350   Data           0  startup.o(STACK)

    Global Symbols

    Symbol Name                              Value     Ov Type        Size  Object(Section)

    BuildAttributes$$THM_ISAv4$E$P$D$K$B$S$7EM$PE$A:L22UL41UL21$X:L11$S22US41US21$IEEE1$IW$USESV6$~STKCKD$USESV7$~SHL$OSPACE$ROPI$EBA8$UX$STANDARDLIB$REQ8$PRES8$EABIv2 0x00000000   Number         0  anon$$obj.o ABSOLUTE
    __ARM_use_no_argv                        0x00000000   Number         0  spaceinvaders.o ABSOLUTE
    __Vectors                                0x00000000   Data           0  startup.o(RESET)
    __ARM_exceptions_init                     - Undefined Weak Reference
    __alloca_initialize                       - Undefined Weak Reference
    __arm_preinit_                            - Undefined Weak Reference
    __cpp_initialize__aeabi_                  - Undefined Weak Reference
    __cxa_finalize                            - Undefined Weak Reference
    __rt_locale                               - Undefined Weak Reference
    __sigvec_lookup                           - Undefined Weak Reference
    _atexit_init                              - Undefined Weak Reference
    _call_atexit_fns                          - Undefined Weak Reference
    _clock_init                               - Undefined Weak Reference
    _fp_trap_init                             - Undefined Weak Reference
    _fp_trap_shutdown                         - Undefined Weak Reference
    _get_lc_collate                           - Undefined Weak Reference
    _get_lc_ctype                             - Undefined Weak Reference
    _get_lc_monetary                          - Undefined Weak Reference
    _get_lc_numeric                           - Undefined Weak Reference
    _get_lc_time                              - Undefined Weak Reference
    _getenv_init                              - Undefined Weak Reference
    _handle_redirection                       - Undefined Weak Reference
    _init_alloc                               - Undefined Weak Reference
    _init_user_alloc                          - Undefined Weak Reference
    _initio                                   - Undefined Weak Reference
    _rand_init                                - Undefined Weak Reference
    _signal_finish                            - Undefined Weak Reference
    _signal_init                              - Undefined Weak Reference
    _terminate_alloc                          - Undefined Weak Reference
    _terminate_user_alloc                     - Undefined Weak Reference
    _terminateio                              - Undefined Weak Reference
    Reset_Handler                            0x0000026d   Thumb Code     0  startup.o(RESET)
    NMI_Handler                              0x00000271   Thumb Code     2  startup.o(RESET)
    HardFault_Handler                        0x00000273   Thumb Code     2  startup.o(RESET)
    MemManage_Handler                        0x00000275   Thumb Code     2  startup.o(RESET)
    BusFault_Handler                         0x00000277   Thumb Code     2  startup.o(RESET)
    UsageFault_Handler                       0x00000279   Thumb Code     2  startup.o(RESET)
    SVC_Handler                              0x0000027b   Thumb Code     2  startup.o(RESET)
    DebugMon_Handler                         0x0000027d   Thumb Code     2  startup.o(RESET)
    PendSV_Handler                           0x0000027f   Thumb Code     2  startup.o(RESET)
    ADC0Seq0_Handler                         0x00000283   Thumb Code     0  startup.o(RESET)
    ADC0Seq1_Handler                         0x00000283   Thumb Code     0  startup.o(RESET)
    ADC0Seq2_Handler                         0x00000283   Thumb Code     0  startup.o(RESET)
    ADC0Seq3_Handler                         0x00000283   Thumb Code     0  startup.o(RESET)
    ADC1Seq0_Handler                         0x00000283   Thumb Code     0  startup.o(RESET)
    ADC1Seq1_Handler                         0x00000283   Thumb Code     0  startup.o(RESET)
    ADC1Seq2_Handler                         0x00000283   Thumb Code     0  startup.o(RESET)
    ADC1Seq3_Handler                         0x00000283   Thumb Code     0  startup.o(RESET)
    CAN0_Handler                             0x00000283   Thumb Code     0  startup.o(RESET)
    CAN1_Handler                             0x00000283   Thumb Code     0  startup.o(RESET)
    CAN2_Handler                             0x00000283   Thumb Code     0  startup.o(RESET)
    Comp0_Handler                            0x00000283   Thumb Code     0  startup.o(RESET)
    Comp1_Handler                            0x00000283   Thumb Code     0  startup.o(RESET)
    Comp2_Handler                            0x00000283   Thumb Code     0  startup.o(RESET)
    Ethernet_Handler                         0x00000283   Thumb Code     0  startup.o(RESET)
    ExtBus_Handler                           0x00000283   Thumb Code     0  startup.o(RESET)
    FPU_Handler                              0x00000283   Thumb Code     0  startup.o(RESET)
    Fan0_Handler                             0x00000283   Thumb Code     0  startup.o(RESET)
    FlashCtl_Handler                         0x00000283   Thumb Code     0  startup.o(RESET)
    GPIOPortA_Handler                        0x00000283   Thumb Code     0  startup.o(RESET)
    GPIOPortB_Handler                        0x00000283   Thumb Code     0  startup.o(RESET)
    GPIOPortC_Handler                        0x00000283   Thumb Code     0  startup.o(RESET)
    GPIOPortD_Handler                        0x00000283   Thumb Code     0  startup.o(RESET)
    GPIOPortE_Handler                        0x00000283   Thumb Code     0  startup.o(RESET)
    GPIOPortF_Handler                        0x00000283   Thumb Code     0  startup.o(RESET)
    GPIOPortG_Handler                        0x00000283   Thumb Code     0  startup.o(RESET)
    GPIOPortH_Handler                        0x00000283   Thumb Code     0  startup.o(RESET)
    GPIOPortJ_Handler                        0x00000283   Thumb Code     0  startup.o(RESET)
    GPIOPortK_Handler                        0x00000283   Thumb Code     0  startup.o(RESET)
    GPIOPortL_Handler                        0x00000283   Thumb Code     0  startup.o(RESET)
    GPIOPortM_Handler                        0x00000283   Thumb Code     0  startup.o(RESET)
    GPIOPortN_Handler                        0x00000283   Thumb Code     0  startup.o(RESET)
    GPIOPortP1_Handler                       0x00000283   Thumb Code     0  startup.o(RESET)
    GPIOPortP2_Handler                       0x00000283   Thumb Code     0  startup.o(RESET)
    GPIOPortP3_Handler                       0x00000283   Thumb Code     0  startup.o(RESET)
    GPIOPortP4_Handler                       0x00000283   Thumb Code     0  startup.o(RESET)
    GPIOPortP5_Handler                       0x00000283   Thumb Code     0  startup.o(RESET)
    GPIOPortP6_Handler                       0x00000283   Thumb Code     0  startup.o(RESET)
    GPIOPortP7_Handler                       0x00000283   Thumb Code     0  startup.o(RESET)
    GPIOPortP_Handler                        0x00000283   Thumb Code     0  startup.o(RESET)
    GPIOPortQ1_Handler                       0x00000283   Thumb Code     0  startup.o(RESET)
    GPIOPortQ2_Handler                       0x00000283   Thumb Code     0  startup.o(RESET)
    GPIOPortQ3_Handler                       0x00000283   Thumb Code     0  startup.o(RESET)
    GPIOPortQ4_Handler                       0x00000283   Thumb Code     0  startup.o(RESET)
    GPIOPortQ5_Handler                       0x00000283   Thumb Code     0  startup.o(RESET)
    GPIOPortQ6_Handler                       0x00000283   Thumb Code     0  startup.o(RESET)
    GPIOPortQ7_Handler                       0x00000283   Thumb Code     0  startup.o(RESET)
    GPIOPortQ_Handler                        0x00000283   Thumb Code     0  startup.o(RESET)
    GPIOPortR_Handler                        0x00000283   Thumb Code     0  startup.o(RESET)
    GPIOPortS_Handler                        0x00000283   Thumb Code     0  startup.o(RESET)
    Hibernate_Handler                        0x00000283   Thumb Code     0  startup.o(RESET)
    I2C0_Handler                             0x00000283   Thumb Code     0  startup.o(RESET)
    I2C1_Handler                             0x00000283   Thumb Code     0  startup.o(RESET)
    I2C2_Handler                             0x00000283   Thumb Code     0  startup.o(RESET)
    I2C3_Handler                             0x00000283   Thumb Code     0  startup.o(RESET)
    I2C4_Handler                             0x00000283   Thumb Code     0  startup.o(RESET)
    I2C5_Handler                             0x00000283   Thumb Code     0  startup.o(RESET)
    I2S0_Handler                             0x00000283   Thumb Code     0  startup.o(RESET)
    LPC0_Handler                             0x00000283   Thumb Code     0  startup.o(RESET)
    PECI0_Handler                            0x00000283   Thumb Code     0  startup.o(RESET)
    PWM0Fault_Handler                        0x00000283   Thumb Code     0  startup.o(RESET)
    PWM0Generator0_Handler                   0x00000283   Thumb Code     0  startup.o(RESET)
    PWM0Generator1_Handler                   0x00000283   Thumb Code     0  startup.o(RESET)
    PWM0Generator2_Handler                   0x00000283   Thumb Code     0  startup.o(RESET)
    PWM0Generator3_Handler                   0x00000283   Thumb Code     0  startup.o(RESET)
    PWM1Fault_Handler                        0x00000283   Thumb Code     0  startup.o(RESET)
    PWM1Generator0_Handler                   0x00000283   Thumb Code     0  startup.o(RESET)
    PWM1Generator1_Handler                   0x00000283   Thumb Code     0  startup.o(RESET)
    PWM1Generator2_Handler                   0x00000283   Thumb Code     0  startup.o(RESET)
    PWM1Generator3_Handler                   0x00000283   Thumb Code     0  startup.o(RESET)
    Quadrature0_Handler                      0x00000283   Thumb Code     0  startup.o(RESET)
    Quadrature1_Handler                      0x00000283   Thumb Code     0  startup.o(RESET)
    Quadrature2_Handler                      0x00000283   Thumb Code     0  startup.o(RESET)
    SSI0_Handler                             0x00000283   Thumb Code     0  startup.o(RESET)
    SSI1_Handler                             0x00000283   Thumb Code     0  startup.o(RESET)
    SSI2_Handler                             0x00000283   Thumb Code     0  startup.o(RESET)
    SSI3_Handler                             0x00000283   Thumb Code     0  startup.o(RESET)
    SysCtl_Handler                           0x00000283   Thumb Code     0  startup.o(RESET)
    Timer0B_Handler                          0x00000283   Thumb Code     0  startup.o(RESET)
    Timer1B_Handler                          0x00000283   Thumb Code     0  startup.o(RESET)
    Timer2A_Handler                          0x00000283   Thumb Code     0  startup.o(RESET)
    Timer2B_Handler                          0x00000283   Thumb Code     0  startup.o(RESET)
    Timer3A_Handler                          0x00000283   Thumb Code     0  startup.o(RESET)
    Timer3B_Handler                          0x00000283   Thumb Code     0  startup.o(RESET)
    Timer4A_Handler                          0x00000283   Thumb Code     0  startup.o(RESET)
    Timer4B_Handler                          0x00000283   Thumb Code     0  startup.o(RESET)
    Timer5A_Handler                          0x00000283   Thumb Code     0  startup.o(RESET)
    Timer5B_Handler                          0x00000283   Thumb Code     0  startup.o(RESET)
    UART0_Handler                            0x00000283   Thumb Code     0  startup.o(RESET)
    UART1_Handler                            0x00000283   Thumb Code     0  startup.o(RESET)
    UART2_Handler                            0x00000283   Thumb Code     0  startup.o(RESET)
    UART3_Handler                            0x00000283   Thumb Code     0  startup.o(RESET)
    UART4_Handler                            0x00000283   Thumb Code     0  startup.o(RESET)
    UART5_Handler                            0x00000283   Thumb Code     0  startup.o(RESET)
    UART6_Handler                            0x00000283   Thumb Code     0  startup.o(RESET)
    UART7_Handler                            0x00000283   Thumb Code     0  startup.o(RESET)
    USB0_Handler                             0x00000283   Thumb Code     0  startup.o(RESET)
    WDT_Handler                              0x00000283   Thumb Code     0  startup.o(RESET)
    WideTimer0A_Handler                      0x00000283   Thumb Code     0  startup.o(RESET)
    WideTimer0B_Handler                      0x00000283   Thumb Code     0  startup.o(RESET)
    WideTimer1A_Handler                      0x00000283   Thumb Code     0  startup.o(RESET)
    WideTimer1B_Handler                      0x00000283   Thumb Code     0  startup.o(RESET)
    WideTimer2A_Handler                      0x00000283   Thumb Code     0  startup.o(RESET)
    WideTimer2B_Handler                      0x00000283   Thumb Code     0  startup.o(RESET)
    WideTimer3A_Handler                      0x00000283   Thumb Code     0  startup.o(RESET)
    WideTimer3B_Handler                      0x00000283   Thumb Code     0  startup.o(RESET)
    WideTimer4A_Handler                      0x00000283   Thumb Code     0  startup.o(RESET)
    WideTimer4B_Handler                      0x00000283   Thumb Code     0  startup.o(RESET)
    WideTimer5A_Handler                      0x00000283   Thumb Code     0  startup.o(RESET)
    WideTimer5B_Handler                      0x00000283   Thumb Code     0  startup.o(RESET)
    uDMA_Error                               0x00000283   Thumb Code     0  startup.o(RESET)
    uDMA_Handler                             0x00000283   Thumb Code     0  startup.o(RESET)
    __main                                   0x00000285   Thumb Code     8  __main.o(!!!main)
    __scatterload                            0x0000028d   Thumb Code     0  __scatter.o(!!!scatter)
    __scatterload_rt2                        0x0000028d   Thumb Code    44  __scatter.o(!!!scatter)
    __scatterload_rt2_thumb_only             0x0000028d   Thumb Code     0  __scatter.o(!!!scatter)
    __scatterload_null                       0x0000029b   Thumb Code     0  __scatter.o(!!!scatter)
    __scatterload_copy                       0x000002c1   Thumb Code    26  __scatter_copy.o(!!handler_copy)
    __scatterload_zeroinit                   0x000002dd   Thumb Code    28  __scatter_zi.o(!!handler_zi)
    __rt_lib_init                            0x000002f9   Thumb Code     0  libinit.o(.ARM.Collect$$libinit$$00000000)
    __rt_lib_init_alloca_1                   0x000002fb   Thumb Code     0  libinit2.o(.ARM.Collect$$libinit$$0000002E)
    __rt_lib_init_argv_1                     0x000002fb   Thumb Code     0  libinit2.o(.ARM.Collect$$libinit$$0000002C)
    __rt_lib_init_atexit_1                   0x000002fb   Thumb Code     0  libinit2.o(.ARM.Collect$$libinit$$0000001B)
    __rt_lib_init_clock_1                    0x000002fb   Thumb Code     0  libinit2.o(.ARM.Collect$$libinit$$00000021)
    __rt_lib_init_cpp_1                      0x000002fb   Thumb Code     0  libinit2.o(.ARM.Collect$$libinit$$00000032)
    __rt_lib_init_exceptions_1               0x000002fb   Thumb Code     0  libinit2.o(.ARM.Collect$$libinit$$00000030)
    __rt_lib_init_fp_1                       0x000002fb   Thumb Code     0  libinit2.o(.ARM.Collect$$libinit$$00000002)
    __rt_lib_init_fp_trap_1                  0x000002fb   Thumb Code     0  libinit2.o(.ARM.Collect$$libinit$$0000001F)
    __rt_lib_init_getenv_1                   0x000002fb   Thumb Code     0  libinit2.o(.ARM.Collect$$libinit$$00000023)
    __rt_lib_init_heap_1                     0x000002fb   Thumb Code     0  libinit2.o(.ARM.Collect$$libinit$$0000000A)
    __rt_lib_init_lc_collate_1               0x000002fb   Thumb Code     0  libinit2.o(.ARM.Collect$$libinit$$00000011)
    __rt_lib_init_lc_ctype_1                 0x000002fb   Thumb Code     0  libinit2.o(.ARM.Collect$$libinit$$00000013)
    __rt_lib_init_lc_monetary_1              0x000002fb   Thumb Code     0  libinit2.o(.ARM.Collect$$libinit$$00000015)
    __rt_lib_init_lc_numeric_1               0x000002fb   Thumb Code     0  libinit2.o(.ARM.Collect$$libinit$$00000017)
    __rt_lib_init_lc_time_1                  0x000002fb   Thumb Code     0  libinit2.o(.ARM.Collect$$libinit$$00000019)
    __rt_lib_init_preinit_1                  0x000002fb   Thumb Code     0  libinit2.o(.ARM.Collect$$libinit$$00000004)
    __rt_lib_init_rand_1                     0x000002fb   Thumb Code     0  libinit2.o(.ARM.Collect$$libinit$$0000000E)
    __rt_lib_init_return                     0x000002fb   Thumb Code     0  libinit2.o(.ARM.Collect$$libinit$$00000033)
    __rt_lib_init_signal_1                   0x000002fb   Thumb Code     0  libinit2.o(.ARM.Collect$$libinit$$0000001D)
    __rt_lib_init_stdio_1                    0x000002fb   Thumb Code     0  libinit2.o(.ARM.Collect$$libinit$$00000025)
    __rt_lib_init_user_alloc_1               0x000002fb   Thumb Code     0  libinit2.o(.ARM.Collect$$libinit$$0000000C)
    __rt_lib_shutdown                        0x000002fd   Thumb Code     0  libshutdown.o(.ARM.Collect$$libshutdown$$00000000)
    __rt_lib_shutdown_cpp_1                  0x000002ff   Thumb Code     0  libshutdown2.o(.ARM.Collect$$libshutdown$$00000002)
    __rt_lib_shutdown_fp_trap_1              0x000002ff   Thumb Code     0  libshutdown2.o(.ARM.Collect$$libshutdown$$00000007)
    __rt_lib_shutdown_heap_1                 0x000002ff   Thumb Code     0  libshutdown2.o(.ARM.Collect$$libshutdown$$0000000F)
    __rt_lib_shutdown_return                 0x000002ff   Thumb Code     0  libshutdown2.o(.ARM.Collect$$libshutdown$$00000010)
    __rt_lib_shutdown_signal_1               0x000002ff   Thumb Code     0  libshutdown2.o(.ARM.Collect$$libshutdown$$0000000A)
    __rt_lib_shutdown_stdio_1                0x000002ff   Thumb Code     0  libshutdown2.o(.ARM.Collect$$libshutdown$$00000004)
    __rt_lib_shutdown_user_alloc_1           0x000002ff   Thumb Code     0  libshutdown2.o(.ARM.Collect$$libshutdown$$0000000C)
    __rt_entry                               0x00000301   Thumb Code     0  __rtentry.o(.ARM.Collect$$rtentry$$00000000)
    __rt_entry_presh_1                       0x00000301   Thumb Code     0  __rtentry2.o(.ARM.Collect$$rtentry$$00000002)
    __rt_entry_sh                            0x00000301   Thumb Code     0  __rtentry4.o(.ARM.Collect$$rtentry$$00000004)
    __rt_entry_li                            0x00000307   Thumb Code     0  __rtentry2.o(.ARM.Collect$$rtentry$$0000000A)
    __rt_entry_postsh_1                      0x00000307   Thumb Code     0  __rtentry2.o(.ARM.Collect$$rtentry$$00000009)
    __rt_entry_main                          0x0000030b   Thumb Code     0  __rtentry2.o(.ARM.Collect$$rtentry$$0000000D)
    __rt_entry_postli_1                      0x0000030b   Thumb Code     0  __rtentry2.o(.ARM.Collect$$rtentry$$0000000C)
    __rt_exit                                0x00000313   Thumb Code     0  rtexit.o(.ARM.Collect$$rtexit$$00000000)
    __rt_exit_ls                             0x00000315   Thumb Code     0  rtexit2.o(.ARM.Collect$$rtexit$$00000003)
    __rt_exit_prels_1                        0x00000315   Thumb Code     0  rtexit2.o(.ARM.Collect$$rtexit$$00000002)
    __rt_exit_exit                           0x00000319   Thumb Code     0  rtexit2.o(.ARM.Collect$$rtexit$$00000004)
    DisableInterrupts                        0x00000321   Thumb Code     0  startup.o(.text)
    EnableInterrupts                         0x00000325   Thumb Code     0  startup.o(.text)
    StartCritical                            0x00000329   Thumb Code     0  startup.o(.text)
    EndCritical                              0x00000331   Thumb Code     0  startup.o(.text)
    WaitForInterrupt                         0x00000337   Thumb Code     0  startup.o(.text)
    __user_initial_stackheap                 0x0000033b   Thumb Code     0  startup.o(.text)
    writecommand                             0x00000351   Thumb Code     0  lcd.o(.text)
    writedata                                0x0000037b   Thumb Code     0  lcd.o(.text)
    LCD_OutDec                               0x000003a1   Thumb Code     0  print.o(.text)
    LCD_OutFix                               0x000003e1   Thumb Code     0  print.o(.text)
    exit                                     0x00000469   Thumb Code    18  exit.o(.text)
    __use_two_region_memory                  0x0000047b   Thumb Code     2  heapauxi.o(.text)
    __rt_heap_escrow$2region                 0x0000047d   Thumb Code     2  heapauxi.o(.text)
    __rt_heap_expand$2region                 0x0000047f   Thumb Code     2  heapauxi.o(.text)
    _sys_exit                                0x00000481   Thumb Code     8  sys_exit.o(.text)
    __user_setup_stackheap                   0x0000048d   Thumb Code    74  sys_stackheap_outer.o(.text)
    __user_libspace                          0x000004d9   Thumb Code     8  libspace.o(.text)
    __user_perproc_libspace                  0x000004d9   Thumb Code     0  libspace.o(.text)
    __user_perthread_libspace                0x000004d9   Thumb Code     0  libspace.o(.text)
    __I$use$semihosting                      0x000004e1   Thumb Code     0  use_no_semi.o(.text)
    __use_no_semihosting_swi                 0x000004e1   Thumb Code     2  use_no_semi.o(.text)
    __semihosting_library_function           0x000004e3   Thumb Code     0  indicate_semi.o(.text)
    ADC_In                                   0x000004e5   Thumb Code    38  adc.o(i.ADC_In)
    ADC_Init                                 0x00000511   Thumb Code   194  adc.o(i.ADC_Init)
    Button_Init                              0x000005e9   Thumb Code    38  spaceinvaders.o(i.Button_Init)
    Convert                                  0x0000061d   Thumb Code    12  spaceinvaders.o(i.Convert)
    DAC_Init                                 0x00000629   Thumb Code    46  dac.o(i.DAC_Init)
    DAC_Out                                  0x00000665   Thumb Code     6  dac.o(i.DAC_Out)
    Delay100ms                               0x00000671   Thumb Code    30  spaceinvaders.o(i.Delay100ms)
    Delay1ms                                 0x00000695   Thumb Code    32  st7735.o(i.Delay1ms)
    GameDraw                                 0x000006b5   Thumb Code   346  spaceinvaders.o(i.GameDraw)
    GameInit                                 0x00000819   Thumb Code   416  spaceinvaders.o(i.GameInit)
    GameMove                                 0x000009d1   Thumb Code   382  spaceinvaders.o(i.GameMove)
    Game_Over                                0x00000b61   Thumb Code    12  sound.o(i.Game_Over)
    Moving_Init                              0x00000b75   Thumb Code    12  spaceinvaders.o(i.Moving_Init)
    Output_Init                              0x00000b89   Thumb Code    16  st7735.o(i.Output_Init)
    PLL_Init                                 0x00000b99   Thumb Code   120  pll.o(i.PLL_Init)
    PlayerPosition                           0x00000c15   Thumb Code    92  spaceinvaders.o(i.PlayerPosition)
    ST7735_DrawBitmap                        0x00000c7d   Thumb Code   280  st7735.o(i.ST7735_DrawBitmap)
    ST7735_DrawCharS                         0x00000d9d   Thumb Code   236  st7735.o(i.ST7735_DrawCharS)
    ST7735_DrawPixel                         0x00000e95   Thumb Code    64  st7735.o(i.ST7735_DrawPixel)
    ST7735_DrawString                        0x00000edd   Thumb Code    84  st7735.o(i.ST7735_DrawString)
    ST7735_FillRect                          0x00000f31   Thumb Code   164  st7735.o(i.ST7735_FillRect)
    ST7735_FillScreen                        0x00000fdd   Thumb Code    28  st7735.o(i.ST7735_FillScreen)
    ST7735_InitR                             0x00001001   Thumb Code    90  st7735.o(i.ST7735_InitR)
    ST7735_OutChar                           0x0000107d   Thumb Code   176  st7735.o(i.ST7735_OutChar)
    ST7735_OutString                         0x00001151   Thumb Code    22  st7735.o(i.ST7735_OutString)
    ST7735_SetCursor                         0x00001169   Thumb Code    22  st7735.o(i.ST7735_SetCursor)
    SoundTask                                0x00001189   Thumb Code    64  sound.o(i.SoundTask)
    Sound_Init                               0x000011d9   Thumb Code    24  sound.o(i.Sound_Init)
    Sound_Menu                               0x000011f9   Thumb Code    14  sound.o(i.Sound_Menu)
    Sound_Play                               0x0000120d   Thumb Code    16  sound.o(i.Sound_Play)
    Sound_Shoot                              0x00001229   Thumb Code    14  sound.o(i.Sound_Shoot)
    SysTick_Handler                          0x0000123d   Thumb Code    18  spaceinvaders.o(i.SysTick_Handler)
    SysTick_Init                             0x00001259   Thumb Code    38  spaceinvaders.o(i.SysTick_Init)
    Timer0A_Handler                          0x00001289   Thumb Code    16  timer0.o(i.Timer0A_Handler)
    Timer0_Init                              0x000012a1   Thumb Code    74  timer0.o(i.Timer0_Init)
    Timer1A_Handler                          0x00001301   Thumb Code    16  timer1.o(i.Timer1A_Handler)
    Timer1_Init                              0x00001319   Thumb Code    74  timer1.o(i.Timer1_Init)
    Vic_Tory                                 0x00001379   Thumb Code    12  sound.o(i.Vic_Tory)
    addLaser                                 0x0000138d   Thumb Code   216  spaceinvaders.o(i.addLaser)
    checkPause                               0x00001481   Thumb Code    24  spaceinvaders.o(i.checkPause)
    game_sound                               0x00001681   Thumb Code    56  spaceinvaders.o(i.game_sound)
    hitEnemy                                 0x000016c1   Thumb Code   298  spaceinvaders.o(i.hitEnemy)
    livescount                               0x0000180d   Thumb Code    36  spaceinvaders.o(i.livescount)
    loser                                    0x00001839   Thumb Code    86  spaceinvaders.o(i.loser)
    main                                     0x000018c5   Thumb Code   202  spaceinvaders.o(i.main)
    moveEnemy                                0x000019b1   Thumb Code     8  spaceinvaders.o(i.moveEnemy)
    moveLaser                                0x000019bd   Thumb Code    94  spaceinvaders.o(i.moveLaser)
    scoreUpdate                              0x00001a3d   Thumb Code   110  spaceinvaders.o(i.scoreUpdate)
    sploser                                  0x00001b4d   Thumb Code    86  spaceinvaders.o(i.sploser)
    spwinner                                 0x00001be1   Thumb Code    84  spaceinvaders.o(i.spwinner)
    startScreen                              0x00001c71   Thumb Code   176  spaceinvaders.o(i.startScreen)
    winner                                   0x00001d65   Thumb Code    84  spaceinvaders.o(i.winner)
    shoot                                    0x00001df8   Data        4080  sound.o(.constdata)
    invaderkilled                            0x00002de8   Data        3377  sound.o(.constdata)
    explosion                                0x00003b19   Data        2000  sound.o(.constdata)
    fastinvader1                             0x000042e9   Data         982  sound.o(.constdata)
    fastinvader2                             0x000046bf   Data        1042  sound.o(.constdata)
    fastinvader3                             0x00004ad1   Data        1054  sound.o(.constdata)
    fastinvader4                             0x00004eef   Data        1098  sound.o(.constdata)
    highpitch                                0x00005339   Data        1802  sound.o(.constdata)
    gameover                                 0x00005a43   Data       66150  sound.o(.constdata)
    pause                                    0x00015ca9   Data        2511  sound.o(.constdata)
    victory                                  0x00016678   Data       130557  sound.o(.constdata)
    menu                                     0x00036475   Data       18950  sound.o(.constdata)
    BlackArrow                               0x0003ae7c   Data         144  spaceinvaders.o(.constdata)
    BlackEnemy                               0x0003af0c   Data         320  spaceinvaders.o(.constdata)
    blackLaser                               0x0003b04c   Data          48  spaceinvaders.o(.constdata)
    laserimg                                 0x0003b07c   Data          48  spaceinvaders.o(.constdata)
    arrow                                    0x0003b0ac   Data         144  spaceinvaders.o(.constdata)
    spaceinv                                 0x0003b13c   Data       10120  spaceinvaders.o(.constdata)
    SmallEnemy10pointA                       0x0003d8c4   Data         320  spaceinvaders.o(.constdata)
    SmallEnemy10pointB                       0x0003da04   Data         320  spaceinvaders.o(.constdata)
    SmallEnemy20pointA                       0x0003db44   Data         320  spaceinvaders.o(.constdata)
    SmallEnemy20pointB                       0x0003dc84   Data         320  spaceinvaders.o(.constdata)
    SmallEnemy30pointA                       0x0003ddc4   Data         320  spaceinvaders.o(.constdata)
    SmallEnemy30pointB                       0x0003df04   Data         320  spaceinvaders.o(.constdata)
    PlayerShip0                              0x0003e044   Data         288  spaceinvaders.o(.constdata)
    PlayerShip1                              0x0003e164   Data         288  spaceinvaders.o(.constdata)
    PlayerShip2                              0x0003e284   Data         288  spaceinvaders.o(.constdata)
    PlayerShip3                              0x0003e3a4   Data         288  spaceinvaders.o(.constdata)
    Bunker0                                  0x0003e4c4   Data         180  spaceinvaders.o(.constdata)
    dBfs                                     0x0003eb5a   Data         512  st7735.o(.constdata)
    Region$$Table$$Base                      0x0003ed5c   Number         0  anon$$obj.o(Region$$Table)
    Region$$Table$$Limit                     0x0003ed7c   Number         0  anon$$obj.o(Region$$Table)
    semaphore                                0x20000000   Data           4  timer0.o(.data)
    PeriodicTask0                            0x20000004   Data           4  timer0.o(.data)
    PeriodicTask1                            0x20000008   Data           4  timer1.o(.data)
    length                                   0x2000000c   Data           4  sound.o(.data)
    soundpt                                  0x20000010   Data           4  sound.o(.data)
    temp                                     0x20000014   Data           1  sound.o(.data)
    language                                 0x20000018   Data           1  spaceinvaders.o(.data)
    choseLang                                0x20000019   Data           1  spaceinvaders.o(.data)
    newPosition                              0x2000001c   Data           4  spaceinvaders.o(.data)
    oldPosition                              0x20000020   Data           4  spaceinvaders.o(.data)
    score                                    0x20000024   Data           2  spaceinvaders.o(.data)
    lives                                    0x20000026   Data           1  spaceinvaders.o(.data)
    lastShoot                                0x20000028   Data           4  spaceinvaders.o(.data)
    nowShoot                                 0x2000002c   Data           4  spaceinvaders.o(.data)
    screenLasers                             0x20000030   Data           4  spaceinvaders.o(.data)
    anyLasers                                0x20000034   Data           4  spaceinvaders.o(.data)
    laserIndex                               0x20000038   Data           4  spaceinvaders.o(.data)
    pauseGame                                0x2000003c   Data           1  spaceinvaders.o(.data)
    moveY                                    0x2000003d   Data           1  spaceinvaders.o(.data)
    anyAlive                                 0x20000040   Data           4  spaceinvaders.o(.data)
    enemyFlag                                0x20000044   Data           4  spaceinvaders.o(.data)
    ADCMail                                  0x20000048   Data           4  spaceinvaders.o(.data)
    ADCStatus                                0x2000004c   Data           4  spaceinvaders.o(.data)
    xtolerance                               0x20000050   Data           1  spaceinvaders.o(.data)
    ytolerance                               0x20000051   Data           1  spaceinvaders.o(.data)
    StX                                      0x20000054   Data           4  st7735.o(.data)
    StY                                      0x20000058   Data           4  st7735.o(.data)
    StTextColor                              0x2000005c   Data           2  st7735.o(.data)
    Messageindex                             0x20000068   Data           4  st7735.o(.data)
    Ymax                                     0x2000006c   Data           4  st7735.o(.data)
    Ymin                                     0x20000070   Data           4  st7735.o(.data)
    X                                        0x20000074   Data           4  st7735.o(.data)
    Yrange                                   0x20000078   Data           4  st7735.o(.data)
    lastj                                    0x2000007c   Data           4  st7735.o(.data)
    enemy                                    0x20000080   Data         720  spaceinvaders.o(.bss)
    laser                                    0x20000350   Data        4000  spaceinvaders.o(.bss)
    __libspace_start                         0x200012f0   Data          96  libspace.o(.bss)
    __temporary_stack_top$libspace           0x20001350   Data           0  libspace.o(.bss)



==============================================================================

Memory Map of the image

  Image Entry point : 0x0000026d

  Load Region LR_1 (Base: 0x00000000, Size: 0x0003edfc, Max: 0xffffffff, ABSOLUTE)

    Execution Region ER_RO (Exec base: 0x00000000, Load base: 0x00000000, Size: 0x0003ed7c, Max: 0xffffffff, ABSOLUTE)

    Exec Addr    Load Addr    Size         Type   Attr      Idx    E Section Name        Object

    0x00000000   0x00000000   0x00000284   Code   RO            3  * RESET               startup.o
    0x00000284   0x00000284   0x00000008   Code   RO          676  * !!!main             c_w.l(__main.o)
    0x0000028c   0x0000028c   0x00000034   Code   RO          831    !!!scatter          c_w.l(__scatter.o)
    0x000002c0   0x000002c0   0x0000001a   Code   RO          833    !!handler_copy      c_w.l(__scatter_copy.o)
    0x000002da   0x000002da   0x00000002   PAD
    0x000002dc   0x000002dc   0x0000001c   Code   RO          835    !!handler_zi        c_w.l(__scatter_zi.o)
    0x000002f8   0x000002f8   0x00000002   Code   RO          714    .ARM.Collect$$libinit$$00000000  c_w.l(libinit.o)
    0x000002fa   0x000002fa   0x00000000   Code   RO          723    .ARM.Collect$$libinit$$00000002  c_w.l(libinit2.o)
    0x000002fa   0x000002fa   0x00000000   Code   RO          725    .ARM.Collect$$libinit$$00000004  c_w.l(libinit2.o)
    0x000002fa   0x000002fa   0x00000000   Code   RO          728    .ARM.Collect$$libinit$$0000000A  c_w.l(libinit2.o)
    0x000002fa   0x000002fa   0x00000000   Code   RO          730    .ARM.Collect$$libinit$$0000000C  c_w.l(libinit2.o)
    0x000002fa   0x000002fa   0x00000000   Code   RO          732    .ARM.Collect$$libinit$$0000000E  c_w.l(libinit2.o)
    0x000002fa   0x000002fa   0x00000000   Code   RO          735    .ARM.Collect$$libinit$$00000011  c_w.l(libinit2.o)
    0x000002fa   0x000002fa   0x00000000   Code   RO          737    .ARM.Collect$$libinit$$00000013  c_w.l(libinit2.o)
    0x000002fa   0x000002fa   0x00000000   Code   RO          739    .ARM.Collect$$libinit$$00000015  c_w.l(libinit2.o)
    0x000002fa   0x000002fa   0x00000000   Code   RO          741    .ARM.Collect$$libinit$$00000017  c_w.l(libinit2.o)
    0x000002fa   0x000002fa   0x00000000   Code   RO          743    .ARM.Collect$$libinit$$00000019  c_w.l(libinit2.o)
    0x000002fa   0x000002fa   0x00000000   Code   RO          745    .ARM.Collect$$libinit$$0000001B  c_w.l(libinit2.o)
    0x000002fa   0x000002fa   0x00000000   Code   RO          747    .ARM.Collect$$libinit$$0000001D  c_w.l(libinit2.o)
    0x000002fa   0x000002fa   0x00000000   Code   RO          749    .ARM.Collect$$libinit$$0000001F  c_w.l(libinit2.o)
    0x000002fa   0x000002fa   0x00000000   Code   RO          751    .ARM.Collect$$libinit$$00000021  c_w.l(libinit2.o)
    0x000002fa   0x000002fa   0x00000000   Code   RO          753    .ARM.Collect$$libinit$$00000023  c_w.l(libinit2.o)
    0x000002fa   0x000002fa   0x00000000   Code   RO          755    .ARM.Collect$$libinit$$00000025  c_w.l(libinit2.o)
    0x000002fa   0x000002fa   0x00000000   Code   RO          759    .ARM.Collect$$libinit$$0000002C  c_w.l(libinit2.o)
    0x000002fa   0x000002fa   0x00000000   Code   RO          761    .ARM.Collect$$libinit$$0000002E  c_w.l(libinit2.o)
    0x000002fa   0x000002fa   0x00000000   Code   RO          763    .ARM.Collect$$libinit$$00000030  c_w.l(libinit2.o)
    0x000002fa   0x000002fa   0x00000000   Code   RO          765    .ARM.Collect$$libinit$$00000032  c_w.l(libinit2.o)
    0x000002fa   0x000002fa   0x00000002   Code   RO          766    .ARM.Collect$$libinit$$00000033  c_w.l(libinit2.o)
    0x000002fc   0x000002fc   0x00000002   Code   RO          715    .ARM.Collect$$libshutdown$$00000000  c_w.l(libshutdown.o)
    0x000002fe   0x000002fe   0x00000000   Code   RO          768    .ARM.Collect$$libshutdown$$00000002  c_w.l(libshutdown2.o)
    0x000002fe   0x000002fe   0x00000000   Code   RO          770    .ARM.Collect$$libshutdown$$00000004  c_w.l(libshutdown2.o)
    0x000002fe   0x000002fe   0x00000000   Code   RO          773    .ARM.Collect$$libshutdown$$00000007  c_w.l(libshutdown2.o)
    0x000002fe   0x000002fe   0x00000000   Code   RO          776    .ARM.Collect$$libshutdown$$0000000A  c_w.l(libshutdown2.o)
    0x000002fe   0x000002fe   0x00000000   Code   RO          778    .ARM.Collect$$libshutdown$$0000000C  c_w.l(libshutdown2.o)
    0x000002fe   0x000002fe   0x00000000   Code   RO          781    .ARM.Collect$$libshutdown$$0000000F  c_w.l(libshutdown2.o)
    0x000002fe   0x000002fe   0x00000002   Code   RO          782    .ARM.Collect$$libshutdown$$00000010  c_w.l(libshutdown2.o)
    0x00000300   0x00000300   0x00000000   Code   RO          678    .ARM.Collect$$rtentry$$00000000  c_w.l(__rtentry.o)
    0x00000300   0x00000300   0x00000000   Code   RO          682    .ARM.Collect$$rtentry$$00000002  c_w.l(__rtentry2.o)
    0x00000300   0x00000300   0x00000006   Code   RO          694    .ARM.Collect$$rtentry$$00000004  c_w.l(__rtentry4.o)
    0x00000306   0x00000306   0x00000000   Code   RO          684    .ARM.Collect$$rtentry$$00000009  c_w.l(__rtentry2.o)
    0x00000306   0x00000306   0x00000004   Code   RO          685    .ARM.Collect$$rtentry$$0000000A  c_w.l(__rtentry2.o)
    0x0000030a   0x0000030a   0x00000000   Code   RO          687    .ARM.Collect$$rtentry$$0000000C  c_w.l(__rtentry2.o)
    0x0000030a   0x0000030a   0x00000008   Code   RO          688    .ARM.Collect$$rtentry$$0000000D  c_w.l(__rtentry2.o)
    0x00000312   0x00000312   0x00000002   Code   RO          679    .ARM.Collect$$rtexit$$00000000  c_w.l(rtexit.o)
    0x00000314   0x00000314   0x00000000   Code   RO          697    .ARM.Collect$$rtexit$$00000002  c_w.l(rtexit2.o)
    0x00000314   0x00000314   0x00000004   Code   RO          698    .ARM.Collect$$rtexit$$00000003  c_w.l(rtexit2.o)
    0x00000318   0x00000318   0x00000006   Code   RO          699    .ARM.Collect$$rtexit$$00000004  c_w.l(rtexit2.o)
    0x0000031e   0x0000031e   0x00000002   PAD
    0x00000320   0x00000320   0x00000030   Code   RO            4    .text               startup.o
    0x00000350   0x00000350   0x00000050   Code   RO          210    .text               lcd.o
    0x000003a0   0x000003a0   0x000000c8   Code   RO          213    .text               print.o
    0x00000468   0x00000468   0x00000012   Code   RO          672    .text               c_w.l(exit.o)
    0x0000047a   0x0000047a   0x00000006   Code   RO          674    .text               c_w.l(heapauxi.o)
    0x00000480   0x00000480   0x0000000c   Code   RO          703    .text               c_w.l(sys_exit.o)
    0x0000048c   0x0000048c   0x0000004a   Code   RO          705    .text               c_w.l(sys_stackheap_outer.o)
    0x000004d6   0x000004d6   0x00000002   PAD
    0x000004d8   0x000004d8   0x00000008   Code   RO          716    .text               c_w.l(libspace.o)
    0x000004e0   0x000004e0   0x00000002   Code   RO          719    .text               c_w.l(use_no_semi.o)
    0x000004e2   0x000004e2   0x00000000   Code   RO          721    .text               c_w.l(indicate_semi.o)
    0x000004e2   0x000004e2   0x00000002   PAD
    0x000004e4   0x000004e4   0x0000002c   Code   RO           41    i.ADC_In            adc.o
    0x00000510   0x00000510   0x000000d8   Code   RO           42    i.ADC_Init          adc.o
    0x000005e8   0x000005e8   0x00000034   Code   RO          216    i.Button_Init       spaceinvaders.o
    0x0000061c   0x0000061c   0x0000000c   Code   RO          217    i.Convert           spaceinvaders.o
    0x00000628   0x00000628   0x0000003c   Code   RO           16    i.DAC_Init          dac.o
    0x00000664   0x00000664   0x0000000c   Code   RO           17    i.DAC_Out           dac.o
    0x00000670   0x00000670   0x00000024   Code   RO          218    i.Delay100ms        spaceinvaders.o
    0x00000694   0x00000694   0x00000020   Code   RO          395    i.Delay1ms          st7735.o
    0x000006b4   0x000006b4   0x00000164   Code   RO          219    i.GameDraw          spaceinvaders.o
    0x00000818   0x00000818   0x000001b8   Code   RO          220    i.GameInit          spaceinvaders.o
    0x000009d0   0x000009d0   0x00000190   Code   RO          221    i.GameMove          spaceinvaders.o
    0x00000b60   0x00000b60   0x00000014   Code   RO          104    i.Game_Over         sound.o
    0x00000b74   0x00000b74   0x00000014   Code   RO          222    i.Moving_Init       spaceinvaders.o
    0x00000b88   0x00000b88   0x00000010   Code   RO          398    i.Output_Init       st7735.o
    0x00000b98   0x00000b98   0x0000007c   Code   RO          658    i.PLL_Init          pll.o
    0x00000c14   0x00000c14   0x00000068   Code   RO          223    i.PlayerPosition    spaceinvaders.o
    0x00000c7c   0x00000c7c   0x00000120   Code   RO          402    i.ST7735_DrawBitmap  st7735.o
    0x00000d9c   0x00000d9c   0x000000f8   Code   RO          404    i.ST7735_DrawCharS  st7735.o
    0x00000e94   0x00000e94   0x00000048   Code   RO          407    i.ST7735_DrawPixel  st7735.o
    0x00000edc   0x00000edc   0x00000054   Code   RO          408    i.ST7735_DrawString  st7735.o
    0x00000f30   0x00000f30   0x000000ac   Code   RO          409    i.ST7735_FillRect   st7735.o
    0x00000fdc   0x00000fdc   0x00000024   Code   RO          410    i.ST7735_FillScreen  st7735.o
    0x00001000   0x00001000   0x0000007c   Code   RO          412    i.ST7735_InitR      st7735.o
    0x0000107c   0x0000107c   0x000000d4   Code   RO          414    i.ST7735_OutChar    st7735.o
    0x00001150   0x00001150   0x00000016   Code   RO          415    i.ST7735_OutString  st7735.o
    0x00001166   0x00001166   0x00000002   PAD
    0x00001168   0x00001168   0x00000020   Code   RO          425    i.ST7735_SetCursor  st7735.o
    0x00001188   0x00001188   0x00000050   Code   RO          105    i.SoundTask         sound.o
    0x000011d8   0x000011d8   0x00000020   Code   RO          112    i.Sound_Init        sound.o
    0x000011f8   0x000011f8   0x00000014   Code   RO          114    i.Sound_Menu        sound.o
    0x0000120c   0x0000120c   0x0000001c   Code   RO          116    i.Sound_Play        sound.o
    0x00001228   0x00001228   0x00000014   Code   RO          117    i.Sound_Shoot       sound.o
    0x0000123c   0x0000123c   0x0000001c   Code   RO          224    i.SysTick_Handler   spaceinvaders.o
    0x00001258   0x00001258   0x00000030   Code   RO          225    i.SysTick_Init      spaceinvaders.o
    0x00001288   0x00001288   0x00000018   Code   RO           59    i.Timer0A_Handler   timer0.o
    0x000012a0   0x000012a0   0x00000060   Code   RO           60    i.Timer0_Init       timer0.o
    0x00001300   0x00001300   0x00000018   Code   RO           83    i.Timer1A_Handler   timer1.o
    0x00001318   0x00001318   0x00000060   Code   RO           84    i.Timer1_Init       timer1.o
    0x00001378   0x00001378   0x00000014   Code   RO          118    i.Vic_Tory          sound.o
    0x0000138c   0x0000138c   0x000000f4   Code   RO          226    i.addLaser          spaceinvaders.o
    0x00001480   0x00001480   0x00000020   Code   RO          227    i.checkPause        spaceinvaders.o
    0x000014a0   0x000014a0   0x00000056   Code   RO          429    i.commandList       st7735.o
    0x000014f6   0x000014f6   0x00000002   PAD
    0x000014f8   0x000014f8   0x00000188   Code   RO          430    i.commonInit        st7735.o
    0x00001680   0x00001680   0x00000040   Code   RO          228    i.game_sound        spaceinvaders.o
    0x000016c0   0x000016c0   0x0000014c   Code   RO          229    i.hitEnemy          spaceinvaders.o
    0x0000180c   0x0000180c   0x0000002c   Code   RO          230    i.livescount        spaceinvaders.o
    0x00001838   0x00001838   0x0000008c   Code   RO          231    i.loser             spaceinvaders.o
    0x000018c4   0x000018c4   0x000000ec   Code   RO          232    i.main              spaceinvaders.o
    0x000019b0   0x000019b0   0x0000000c   Code   RO          233    i.moveEnemy         spaceinvaders.o
    0x000019bc   0x000019bc   0x0000006c   Code   RO          234    i.moveLaser         spaceinvaders.o
    0x00001a28   0x00001a28   0x00000012   Code   RO          435    i.pushColor         st7735.o
    0x00001a3a   0x00001a3a   0x00000002   PAD
    0x00001a3c   0x00001a3c   0x0000009c   Code   RO          235    i.scoreUpdate       spaceinvaders.o
    0x00001ad8   0x00001ad8   0x00000074   Code   RO          436    i.setAddrWindow     st7735.o
    0x00001b4c   0x00001b4c   0x00000094   Code   RO          236    i.sploser           spaceinvaders.o
    0x00001be0   0x00001be0   0x00000090   Code   RO          237    i.spwinner          spaceinvaders.o
    0x00001c70   0x00001c70   0x000000f4   Code   RO          238    i.startScreen       spaceinvaders.o
    0x00001d64   0x00001d64   0x00000094   Code   RO          239    i.winner            spaceinvaders.o
    0x00001df8   0x00001df8   0x00039083   Data   RO          119    .constdata          sound.o
    0x0003ae7b   0x0003ae7b   0x00000001   PAD
    0x0003ae7c   0x0003ae7c   0x000036fc   Data   RO          241    .constdata          spaceinvaders.o
    0x0003e578   0x0003e578   0x000007e2   Data   RO          438    .constdata          st7735.o
    0x0003ed5a   0x0003ed5a   0x00000002   PAD
    0x0003ed5c   0x0003ed5c   0x00000020   Data   RO          829    Region$$Table       anon$$obj.o


    Execution Region ER_RW (Exec base: 0x20000000, Load base: 0x0003ed7c, Size: 0x00000080, Max: 0xffffffff, ABSOLUTE)

    Exec Addr    Load Addr    Size         Type   Attr      Idx    E Section Name        Object

    0x20000000   0x0003ed7c   0x00000008   Data   RW           61    .data               timer0.o
    0x20000008   0x0003ed84   0x00000004   Data   RW           85    .data               timer1.o
    0x2000000c   0x0003ed88   0x00000009   Data   RW          120    .data               sound.o
    0x20000015   0x0003ed91   0x00000003   PAD
    0x20000018   0x0003ed94   0x0000003a   Data   RW          242    .data               spaceinvaders.o
    0x20000052   0x0003edce   0x00000002   PAD
    0x20000054   0x0003edd0   0x0000002c   Data   RW          439    .data               st7735.o


    Execution Region ER_ZI (Exec base: 0x20000080, Load base: 0x0003edfc, Size: 0x000016d0, Max: 0xffffffff, ABSOLUTE)

    Exec Addr    Load Addr    Size         Type   Attr      Idx    E Section Name        Object

    0x20000080        -       0x00001270   Zero   RW          240    .bss                spaceinvaders.o
    0x200012f0        -       0x00000060   Zero   RW          717    .bss                c_w.l(libspace.o)
    0x20001350        -       0x00000000   Zero   RW            2    HEAP                startup.o
    0x20001350        -       0x00000400   Zero   RW            1    STACK               startup.o


==============================================================================

Image component sizes


      Code (inc. data)   RO Data    RW Data    ZI Data      Debug   Object Name

       260         28          0          0          0        972   adc.o
        72         20          0          0          0       5721   dac.o
        80         12          0          0          0        272   lcd.o
       124          4          0          0          0        479   pll.o
       200          2          0          0          0        304   print.o
       220         64     233603          9          0       4350   sound.o
      3548        604      14076         58       4720      16144   spaceinvaders.o
      1950        184       2018         44          0      13684   st7735.o
       692        632          0          0       1024       1044   startup.o
       120         30          0          8          0       1602   timer0.o
       120         30          0          4          0       1548   timer1.o

    ----------------------------------------------------------------------
      7392       1610     249732        128       5744      46120   Object Totals
         0          0         32          0          0          0   (incl. Generated)
         6          0          3          5          0          0   (incl. Padding)

    ----------------------------------------------------------------------

      Code (inc. data)   RO Data    RW Data    ZI Data      Debug   Library Member Name

         8          0          0          0          0         68   __main.o
         0          0          0          0          0          0   __rtentry.o
        12          0          0          0          0          0   __rtentry2.o
         6          0          0          0          0          0   __rtentry4.o
        52          8          0          0          0          0   __scatter.o
        26          0          0          0          0          0   __scatter_copy.o
        28          0          0          0          0          0   __scatter_zi.o
        18          0          0          0          0         80   exit.o
         6          0          0          0          0        152   heapauxi.o
         0          0          0          0          0          0   indicate_semi.o
         2          0          0          0          0          0   libinit.o
         2          0          0          0          0          0   libinit2.o
         2          0          0          0          0          0   libshutdown.o
         2          0          0          0          0          0   libshutdown2.o
         8          4          0          0         96         68   libspace.o
         2          0          0          0          0          0   rtexit.o
        10          0          0          0          0          0   rtexit2.o
        12          4          0          0          0         68   sys_exit.o
        74          0          0          0          0         80   sys_stackheap_outer.o
         2          0          0          0          0         68   use_no_semi.o

    ----------------------------------------------------------------------
       280         16          0          0         96        584   Library Totals
         8          0          0          0          0          0   (incl. Padding)

    ----------------------------------------------------------------------

      Code (inc. data)   RO Data    RW Data    ZI Data      Debug   Library Name

       272         16          0          0         96        584   c_w.l

    ----------------------------------------------------------------------
       280         16          0          0         96        584   Library Totals

    ----------------------------------------------------------------------

==============================================================================


      Code (inc. data)   RO Data    RW Data    ZI Data      Debug   

      7672       1626     249732        128       5840      43840   Grand Totals
      7672       1626     249732        128       5840      43840   ELF Image Totals
      7672       1626     249732        128          0          0   ROM Totals

==============================================================================

    Total RO  Size (Code + RO Data)               257404 ( 251.37kB)
    Total RW  Size (RW Data + ZI Data)              5968 (   5.83kB)
    Total ROM Size (Code + RO Data + RW Data)     257532 ( 251.50kB)

==============================================================================

